Archive member included to satisfy reference by file (symbol)

.\CortexM3\ARM_GCC_541\Debug\006Mutex_Tasks.a(CyLib.o)
                              .\CortexM3\ARM_GCC_541\Debug\Cm3Start.o (CyHalt)
.\CortexM3\ARM_GCC_541\Debug\006Mutex_Tasks.a(cyPm.o)
                              .\CortexM3\ARM_GCC_541\Debug\006Mutex_Tasks.a(CyLib.o) (CyPmReadStatus)
.\CortexM3\ARM_GCC_541\Debug\006Mutex_Tasks.a(UART.o)
                              .\CortexM3\ARM_GCC_541\Debug\main.o (UART_Start)
.\CortexM3\ARM_GCC_541\Debug\006Mutex_Tasks.a(UART_IntClock.o)
                              .\CortexM3\ARM_GCC_541\Debug\006Mutex_Tasks.a(UART.o) (UART_IntClock_Start)
.\CortexM3\ARM_GCC_541\Debug\006Mutex_Tasks.a(Pin_LED.o)
                              .\CortexM3\ARM_GCC_541\Debug\main.o (Pin_LED_Write)
.\CortexM3\ARM_GCC_541\Debug\006Mutex_Tasks.a(CyBootAsmGnu.o)
                              .\CortexM3\ARM_GCC_541\Debug\cyfitter_cfg.o (CyDelayCycles)
.\CortexM3\ARM_GCC_541\Debug\006Mutex_Tasks.a(CyFlash.o)
                              .\CortexM3\ARM_GCC_541\Debug\006Mutex_Tasks.a(cyPm.o) (CyFlash_SetWaitCycles)
.\CortexM3\ARM_GCC_541\Debug\006Mutex_Tasks.a(CySpc.o)
                              .\CortexM3\ARM_GCC_541\Debug\006Mutex_Tasks.a(CyFlash.o) (CySpcStart)
c:/program files (x86)/cypress/psoc creator/4.4/psoc creator/import/gnu/arm/5.4.1/bin/../lib/gcc/arm-none-eabi/5.4.1/../../../../arm-none-eabi/lib/armv7-m\libg_nano.a(lib_a-errno.o)
                              .\CortexM3\ARM_GCC_541\Debug\Cm3Start.o (__errno)
c:/program files (x86)/cypress/psoc creator/4.4/psoc creator/import/gnu/arm/5.4.1/bin/../lib/gcc/arm-none-eabi/5.4.1/../../../../arm-none-eabi/lib/armv7-m\libg_nano.a(lib_a-exit.o)
                              c:/program files (x86)/cypress/psoc creator/4.4/psoc creator/import/gnu/arm/5.4.1/bin/../lib/gcc/arm-none-eabi/5.4.1/../../../../arm-none-eabi/lib/armv7-m/crt0.o (exit)
c:/program files (x86)/cypress/psoc creator/4.4/psoc creator/import/gnu/arm/5.4.1/bin/../lib/gcc/arm-none-eabi/5.4.1/../../../../arm-none-eabi/lib/armv7-m\libg_nano.a(lib_a-impure.o)
                              c:/program files (x86)/cypress/psoc creator/4.4/psoc creator/import/gnu/arm/5.4.1/bin/../lib/gcc/arm-none-eabi/5.4.1/../../../../arm-none-eabi/lib/armv7-m\libg_nano.a(lib_a-exit.o) (_global_impure_ptr)
c:/program files (x86)/cypress/psoc creator/4.4/psoc creator/import/gnu/arm/5.4.1/bin/../lib/gcc/arm-none-eabi/5.4.1/../../../../arm-none-eabi/lib/armv7-m\libg_nano.a(lib_a-init.o)
                              c:/program files (x86)/cypress/psoc creator/4.4/psoc creator/import/gnu/arm/5.4.1/bin/../lib/gcc/arm-none-eabi/5.4.1/../../../../arm-none-eabi/lib/armv7-m/crt0.o (__libc_init_array)
c:/program files (x86)/cypress/psoc creator/4.4/psoc creator/import/gnu/arm/5.4.1/bin/../lib/gcc/arm-none-eabi/5.4.1/../../../../arm-none-eabi/lib/armv7-m\libg_nano.a(lib_a-memcpy-stub.o)
                              .\CortexM3\ARM_GCC_541\Debug\queue.o (memcpy)
c:/program files (x86)/cypress/psoc creator/4.4/psoc creator/import/gnu/arm/5.4.1/bin/../lib/gcc/arm-none-eabi/5.4.1/../../../../arm-none-eabi/lib/armv7-m\libg_nano.a(lib_a-memset.o)
                              c:/program files (x86)/cypress/psoc creator/4.4/psoc creator/import/gnu/arm/5.4.1/bin/../lib/gcc/arm-none-eabi/5.4.1/../../../../arm-none-eabi/lib/armv7-m/crt0.o (memset)
c:/program files (x86)/cypress/psoc creator/4.4/psoc creator/import/gnu/arm/5.4.1/bin/../lib/gcc/arm-none-eabi/5.4.1/../../../../arm-none-eabi/lib/armv7-m\libg_nano.a(lib_a-nano-vfprintf_float.o)
                              (_printf_float)
c:/program files (x86)/cypress/psoc creator/4.4/psoc creator/import/gnu/arm/5.4.1/bin/../lib/gcc/arm-none-eabi/5.4.1/../../../../arm-none-eabi/lib/armv7-m\libg_nano.a(lib_a-nano-vfprintf_i.o)
                              c:/program files (x86)/cypress/psoc creator/4.4/psoc creator/import/gnu/arm/5.4.1/bin/../lib/gcc/arm-none-eabi/5.4.1/../../../../arm-none-eabi/lib/armv7-m\libg_nano.a(lib_a-nano-vfprintf_float.o) (_printf_common)
c:/program files (x86)/cypress/psoc creator/4.4/psoc creator/import/gnu/arm/5.4.1/bin/../lib/gcc/arm-none-eabi/5.4.1/../../../../arm-none-eabi/lib/armv7-m\libg_nano.a(lib_a-strlen.o)
                              c:/program files (x86)/cypress/psoc creator/4.4/psoc creator/import/gnu/arm/5.4.1/bin/../lib/gcc/arm-none-eabi/5.4.1/../../../../arm-none-eabi/lib/armv7-m\libg_nano.a(lib_a-nano-vfprintf_float.o) (strlen)
c:/program files (x86)/cypress/psoc creator/4.4/psoc creator/import/gnu/arm/5.4.1/bin/../lib/gcc/arm-none-eabi/5.4.1/../../../../arm-none-eabi/lib/armv7-m\libg_nano.a(lib_a-dtoa.o)
                              c:/program files (x86)/cypress/psoc creator/4.4/psoc creator/import/gnu/arm/5.4.1/bin/../lib/gcc/arm-none-eabi/5.4.1/../../../../arm-none-eabi/lib/armv7-m\libg_nano.a(lib_a-nano-vfprintf_float.o) (_dtoa_r)
[...]
Memory Configuration

Name             Origin             Length             Attributes
rom              0x00000000         0x00040000         xr
ram              0x1fff8000         0x00010000         xrw
*default*        0x00000000         0xffffffff

Linker script and memory map

LOAD c:/program files (x86)/cypress/psoc creator/4.4/psoc creator/import/gnu/arm/5.4.1/bin/../lib/gcc/arm-none-eabi/5.4.1/armv7-m/crti.o
LOAD c:/program files (x86)/cypress/psoc creator/4.4/psoc creator/import/gnu/arm/5.4.1/bin/../lib/gcc/arm-none-eabi/5.4.1/armv7-m/crtbegin.o
LOAD c:/program files (x86)/cypress/psoc creator/4.4/psoc creator/import/gnu/arm/5.4.1/bin/../lib/gcc/arm-none-eabi/5.4.1/../../../../arm-none-eabi/lib/armv7-m/crt0.o
START GROUP
LOAD .\CortexM3\ARM_GCC_541\Debug\main.o
LOAD .\CortexM3\ARM_GCC_541\Debug\FreeRTOS.o
LOAD .\CortexM3\ARM_GCC_541\Debug\port.o
LOAD .\CortexM3\ARM_GCC_541\Debug\heap_1.o
LOAD .\CortexM3\ARM_GCC_541\Debug\croutine.o
LOAD .\CortexM3\ARM_GCC_541\Debug\event_groups.o
LOAD .\CortexM3\ARM_GCC_541\Debug\list.o
LOAD .\CortexM3\ARM_GCC_541\Debug\queue.o
LOAD .\CortexM3\ARM_GCC_541\Debug\stream_buffer.o
LOAD .\CortexM3\ARM_GCC_541\Debug\tasks.o
LOAD .\CortexM3\ARM_GCC_541\Debug\timers.o
LOAD .\CortexM3\ARM_GCC_541\Debug\cyfitter_cfg.o
LOAD .\CortexM3\ARM_GCC_541\Debug\cymetadata.o
LOAD .\CortexM3\ARM_GCC_541\Debug\Cm3Start.o
LOAD .\CortexM3\ARM_GCC_541\Debug\006Mutex_Tasks.a
LOAD C:\Program Files (x86)\Cypress\PSoC Creator\4.4\PSoC Creator\psoc\content\cycomponentlibrary\CyComponentLibrary.cylib\CortexM3\ARM_GCC_541\Debug\CyComponentLibrary.a
LOAD c:/program files (x86)/cypress/psoc creator/4.4/psoc creator/import/gnu/arm/5.4.1/bin/../lib/gcc/arm-none-eabi/5.4.1/../../../../arm-none-eabi/lib/armv7-m\libm.a
END GROUP
START GROUP
LOAD c:/program files (x86)/cypress/psoc creator/4.4/psoc creator/import/gnu/arm/5.4.1/bin/../lib/gcc/arm-none-eabi/5.4.1/armv7-m\libgcc.a
LOAD c:/program files (x86)/cypress/psoc creator/4.4/psoc creator/import/gnu/arm/5.4.1/bin/../lib/gcc/arm-none-eabi/5.4.1/../../../../arm-none-eabi/lib/armv7-m\libg_nano.a
LOAD c:/program files (x86)/cypress/psoc creator/4.4/psoc creator/import/gnu/arm/5.4.1/bin/../lib/gcc/arm-none-eabi/5.4.1/../../../../arm-none-eabi/lib/armv7-m\libc_nano.a
END GROUP
START GROUP
LOAD c:/program files (x86)/cypress/psoc creator/4.4/psoc creator/import/gnu/arm/5.4.1/bin/../lib/gcc/arm-none-eabi/5.4.1/armv7-m\libgcc.a
LOAD c:/program files (x86)/cypress/psoc creator/4.4/psoc creator/import/gnu/arm/5.4.1/bin/../lib/gcc/arm-none-eabi/5.4.1/../../../../arm-none-eabi/lib/armv7-m\libc_nano.a
END GROUP
LOAD c:/program files (x86)/cypress/psoc creator/4.4/psoc creator/import/gnu/arm/5.4.1/bin/../lib/gcc/arm-none-eabi/5.4.1/armv7-m/crtend.o
LOAD c:/program files (x86)/cypress/psoc creator/4.4/psoc creator/import/gnu/arm/5.4.1/bin/../lib/gcc/arm-none-eabi/5.4.1/armv7-m/crtn.o
START GROUP
LOAD c:/program files (x86)/cypress/psoc creator/4.4/psoc creator/import/gnu/arm/5.4.1/bin/../lib/gcc/arm-none-eabi/5.4.1/armv7-m\libgcc.a
LOAD c:/program files (x86)/cypress/psoc creator/4.4/psoc creator/import/gnu/arm/5.4.1/bin/../lib/gcc/arm-none-eabi/5.4.1/../../../../arm-none-eabi/lib/armv7-m\libc.a
LOAD c:/program files (x86)/cypress/psoc creator/4.4/psoc creator/import/gnu/arm/5.4.1/bin/../lib/gcc/arm-none-eabi/5.4.1/../../../../arm-none-eabi/lib/armv7-m\libnosys.a
END GROUP
                0x00000000                CY_APPL_ORIGIN = 0x0
                0x00000100                CY_FLASH_ROW_SIZE = 0x100
                0x00000020                CY_ECC_ROW_SIZE = 0x20
                0x00000000                CY_EE_IN_BTLDR = 0x0
                0x00000000                CY_APPL_LOADABLE = 0x0
                0x00000800                CY_EE_SIZE = 0x800
                0x00000001                CY_APPL_NUM = 0x1
                0x00000001                CY_APPL_MAX = 0x1
                0x00000040                CY_METADATA_SIZE = 0x40
                0x00000000                CY_APPL_LOADABLE = 0x0
                0x00000000                CY_CHECKSUM_EXCLUDE_SIZE = ALIGN (0x0, CY_FLASH_ROW_SIZE)
                [!provide]                PROVIDE (__cy_heap_start, _end)
                0x00000001                PROVIDE (__cy_region_num, ((__cy_regions_end - __cy_regions) / 0x10))
                0x20008000                PROVIDE (__cy_stack, (ORIGIN (ram) + LENGTH (ram)))
                [!provide]                PROVIDE (__cy_heap_end, (__cy_stack - 0x1000))

.cybootloader   0x00000000        0x0
 *(.cybootloader)
                0x00000000                appl1_start = CY_APPL_ORIGIN?CY_APPL_ORIGIN:ALIGN (CY_FLASH_ROW_SIZE)
                0x0001ff00                appl2_start = (appl1_start + ALIGN ((((LENGTH (rom) - appl1_start) - (0x2 * CY_FLASH_ROW_SIZE)) / 0x2), CY_FLASH_ROW_SIZE))
                0x00000000                appl_start = (CY_APPL_NUM == 0x1)?appl1_start:appl2_start
                0x00000000                ecc_offset = ((appl_start / CY_FLASH_ROW_SIZE) * CY_ECC_ROW_SIZE)
                0x00000000                ee_offset = (CY_APPL_LOADABLE && ! (CY_EE_IN_BTLDR))?((CY_EE_SIZE / CY_APPL_MAX) * (CY_APPL_NUM - 0x1)):0x0
                0x00000800                ee_size = (CY_APPL_LOADABLE && ! (CY_EE_IN_BTLDR))?(CY_EE_SIZE / CY_APPL_MAX):CY_EE_SIZE
                [!provide]                PROVIDE (CY_ECC_OFFSET, ecc_offset)

.text           0x00000000     0x39a8
 CREATE_OBJECT_SYMBOLS
                0x00000000                PROVIDE (__cy_interrupt_vector, RomVectors)
 *(.romvectors)
 .romvectors    0x00000000       0x10 .\CortexM3\ARM_GCC_541\Debug\Cm3Start.o
                0x00000000                RomVectors
                0x00000001                ASSERT ((. != __cy_interrupt_vector), No interrupt vector)
                0x00000001                ASSERT (CY_APPL_ORIGIN?(SIZEOF (.cybootloader) <= CY_APPL_ORIGIN):0x1, Wrong image location)
                0x00000010                PROVIDE (__cy_reset, Reset)
 *(.text.Reset)
 .text.Reset    0x00000010       0x18 .\CortexM3\ARM_GCC_541\Debug\Cm3Start.o
                0x00000010                Reset
                0x00000001                ASSERT ((. != __cy_reset), No reset code)
 *(.dma_init)
                0x00000001                ASSERT ((((appl_start + .) <= 0x10000) || 0x1), DMA Init must be within the first 64k of flash)
 *(.text .text.* .gnu.linkonce.t.*)
 .text          0x00000028       0x5c c:/program files (x86)/cypress/psoc creator/4.4/psoc creator/import/gnu/arm/5.4.1/bin/../lib/gcc/arm-none-eabi/5.4.1/armv7-m/crtbegin.o
 .text.task1    0x00000084       0x60 .\CortexM3\ARM_GCC_541\Debug\main.o
                0x00000084                task1
 .text.task2    0x000000e4       0x60 .\CortexM3\ARM_GCC_541\Debug\main.o
                0x000000e4                task2
 .text.main     0x00000144       0x68 .\CortexM3\ARM_GCC_541\Debug\main.o
                0x00000144                main
 .text.FreeRTOS_Start
                0x000001ac       0x28 .\CortexM3\ARM_GCC_541\Debug\FreeRTOS.o
                0x000001ac                FreeRTOS_Start
 .text.prvTaskExitError
                0x000001d4       0x20 .\CortexM3\ARM_GCC_541\Debug\port.o
 .text.prvPortStartFirstTask
                0x000001f4       0x20 .\CortexM3\ARM_GCC_541\Debug\port.o
 .text.pxPortInitialiseStack
                0x00000214       0x24 .\CortexM3\ARM_GCC_541\Debug\port.o
                0x00000214                pxPortInitialiseStack
 *fill*         0x00000238        0x8 
 .text.vPortSVCHandler
                0x00000240       0x24 .\CortexM3\ARM_GCC_541\Debug\port.o
                0x00000240                vPortSVCHandler
 .text.vPortEnterCritical
                0x00000264       0x20 .\CortexM3\ARM_GCC_541\Debug\port.o
                0x00000264                vPortEnterCritical
 .text.vPortExitCritical
                0x00000284       0x14 .\CortexM3\ARM_GCC_541\Debug\port.o
                0x00000284                vPortExitCritical
 *fill*         0x00000298        0x8 
 .text.xPortPendSVHandler
                0x000002a0       0x44 .\CortexM3\ARM_GCC_541\Debug\port.o
                0x000002a0                xPortPendSVHandler
 .text.xPortSysTickHandler
                0x000002e4       0x2c .\CortexM3\ARM_GCC_541\Debug\port.o
                0x000002e4                xPortSysTickHandler
 .text.vPortSetupTimerInterrupt
                0x00000310       0x24 .\CortexM3\ARM_GCC_541\Debug\port.o
                0x00000310                vPortSetupTimerInterrupt
 .text.xPortStartScheduler
                0x00000334       0x38 .\CortexM3\ARM_GCC_541\Debug\port.o
                0x00000334                xPortStartScheduler
 .text.pvPortMalloc
                0x0000036c       0x60 .\CortexM3\ARM_GCC_541\Debug\heap_1.o
                0x0000036c                pvPortMalloc
 .text.vPortFree
                0x000003cc        0x4 .\CortexM3\ARM_GCC_541\Debug\heap_1.o
                0x000003cc                vPortFree
 .text.vListInitialise
                0x000003d0       0x18 .\CortexM3\ARM_GCC_541\Debug\list.o
                0x000003d0                vListInitialise
 .text.vListInitialiseItem
                0x000003e8        0x8 .\CortexM3\ARM_GCC_541\Debug\list.o
                0x000003e8                vListInitialiseItem
 .text.vListInsertEnd
                0x000003f0       0x18 .\CortexM3\ARM_GCC_541\Debug\list.o
                0x000003f0                vListInsertEnd
 .text.vListInsert
                0x00000408       0x34 .\CortexM3\ARM_GCC_541\Debug\list.o
                0x00000408                vListInsert
 .text.uxListRemove
                0x0000043c       0x28 .\CortexM3\ARM_GCC_541\Debug\list.o
                0x0000043c                uxListRemove
 .text.prvGetDisinheritPriorityAfterTimeout
                0x00000464       0x14 .\CortexM3\ARM_GCC_541\Debug\queue.o
 .text.prvIsQueueFull
                0x00000478       0x20 .\CortexM3\ARM_GCC_541\Debug\queue.o
 .text.prvIsQueueEmpty
                0x00000498       0x1c .\CortexM3\ARM_GCC_541\Debug\queue.o
 .text.prvCopyDataToQueue
                0x000004b4       0x78 .\CortexM3\ARM_GCC_541\Debug\queue.o
 .text.prvUnlockQueue
                0x0000052c       0x68 .\CortexM3\ARM_GCC_541\Debug\queue.o
 .text.xQueueGenericReset
                0x00000594       0x6c .\CortexM3\ARM_GCC_541\Debug\queue.o
                0x00000594                xQueueGenericReset
 .text.prvInitialiseNewQueue
                0x00000600       0x1c .\CortexM3\ARM_GCC_541\Debug\queue.o
 .text.xQueueGenericCreate
                0x0000061c       0x34 .\CortexM3\ARM_GCC_541\Debug\queue.o
                0x0000061c                xQueueGenericCreate
 .text.xQueueGenericSend
                0x00000650      0x108 .\CortexM3\ARM_GCC_541\Debug\queue.o
                0x00000650                xQueueGenericSend
 .text.prvInitialiseMutex
                0x00000758       0x18 .\CortexM3\ARM_GCC_541\Debug\queue.o
 .text.xQueueCreateMutex
                0x00000770       0x18 .\CortexM3\ARM_GCC_541\Debug\queue.o
                0x00000770                xQueueCreateMutex
 .text.xQueueSemaphoreTake
                0x00000788      0x128 .\CortexM3\ARM_GCC_541\Debug\queue.o
                0x00000788                xQueueSemaphoreTake
 .text.prvResetNextTaskUnblockTime
                0x000008b0       0x24 .\CortexM3\ARM_GCC_541\Debug\tasks.o
 .text.prvDeleteTCB
                0x000008d4       0x14 .\CortexM3\ARM_GCC_541\Debug\tasks.o
 .text.prvInitialiseNewTask
                0x000008e8       0x9c .\CortexM3\ARM_GCC_541\Debug\tasks.o
 .text.prvInitialiseTaskLists
                0x00000984       0x58 .\CortexM3\ARM_GCC_541\Debug\tasks.o
 .text.prvAddNewTaskToReadyList
                0x000009dc       0xac .\CortexM3\ARM_GCC_541\Debug\tasks.o
 .text.prvCheckTasksWaitingTermination
                0x00000a88       0x44 .\CortexM3\ARM_GCC_541\Debug\tasks.o
 .text.prvIdleTask
                0x00000acc        0x8 .\CortexM3\ARM_GCC_541\Debug\tasks.o
 .text.prvAddCurrentTaskToDelayedList
                0x00000ad4       0x84 .\CortexM3\ARM_GCC_541\Debug\tasks.o
 .text.xTaskCreate
                0x00000b58       0x64 .\CortexM3\ARM_GCC_541\Debug\tasks.o
                0x00000b58                xTaskCreate
 .text.vTaskStartScheduler
                0x00000bbc       0x58 .\CortexM3\ARM_GCC_541\Debug\tasks.o
                0x00000bbc                vTaskStartScheduler
 .text.vTaskSuspendAll
                0x00000c14       0x14 .\CortexM3\ARM_GCC_541\Debug\tasks.o
                0x00000c14                vTaskSuspendAll
 .text.xTaskIncrementTick
                0x00000c28      0x100 .\CortexM3\ARM_GCC_541\Debug\tasks.o
                0x00000c28                xTaskIncrementTick
 .text.xTaskResumeAll
                0x00000d28       0xd8 .\CortexM3\ARM_GCC_541\Debug\tasks.o
                0x00000d28                xTaskResumeAll
 .text.vTaskDelay
                0x00000e00       0x34 .\CortexM3\ARM_GCC_541\Debug\tasks.o
                0x00000e00                vTaskDelay
 .text.vTaskSwitchContext
                0x00000e34       0x70 .\CortexM3\ARM_GCC_541\Debug\tasks.o
                0x00000e34                vTaskSwitchContext
 .text.vTaskPlaceOnEventList
                0x00000ea4       0x20 .\CortexM3\ARM_GCC_541\Debug\tasks.o
                0x00000ea4                vTaskPlaceOnEventList
 .text.xTaskRemoveFromEventList
                0x00000ec4       0x74 .\CortexM3\ARM_GCC_541\Debug\tasks.o
                0x00000ec4                xTaskRemoveFromEventList
 .text.vTaskInternalSetTimeOutState
                0x00000f38       0x14 .\CortexM3\ARM_GCC_541\Debug\tasks.o
                0x00000f38                vTaskInternalSetTimeOutState
 .text.xTaskCheckForTimeOut
                0x00000f4c       0x58 .\CortexM3\ARM_GCC_541\Debug\tasks.o
                0x00000f4c                xTaskCheckForTimeOut
 .text.vTaskMissedYield
                0x00000fa4       0x10 .\CortexM3\ARM_GCC_541\Debug\tasks.o
                0x00000fa4                vTaskMissedYield
 .text.xTaskPriorityInherit
                0x00000fb4       0xc8 .\CortexM3\ARM_GCC_541\Debug\tasks.o
                0x00000fb4                xTaskPriorityInherit
 .text.xTaskPriorityDisinherit
                0x0000107c       0x88 .\CortexM3\ARM_GCC_541\Debug\tasks.o
                0x0000107c                xTaskPriorityDisinherit
 .text.vTaskPriorityDisinheritAfterTimeout
                0x00001104       0x98 .\CortexM3\ARM_GCC_541\Debug\tasks.o
                0x00001104                vTaskPriorityDisinheritAfterTimeout
 .text.pvTaskIncrementMutexHeldCount
                0x0000119c       0x20 .\CortexM3\ARM_GCC_541\Debug\tasks.o
                0x0000119c                pvTaskIncrementMutexHeldCount
 .text.CyClockStartupError
                0x000011bc        0x4 .\CortexM3\ARM_GCC_541\Debug\cyfitter_cfg.o
 .text.cfg_write_bytes32
                0x000011c0       0x34 .\CortexM3\ARM_GCC_541\Debug\cyfitter_cfg.o
 .text.AnalogSetDefault
                0x000011f4       0x28 .\CortexM3\ARM_GCC_541\Debug\cyfitter_cfg.o
 .text.CYMEMZERO
                0x0000121c        0xc .\CortexM3\ARM_GCC_541\Debug\cyfitter_cfg.o
 .text.ClockSetup
                0x00001228       0xb4 .\CortexM3\ARM_GCC_541\Debug\cyfitter_cfg.o
 .text.CYCONFIGCPY
                0x000012dc        0x8 .\CortexM3\ARM_GCC_541\Debug\cyfitter_cfg.o
 .text.cyfitter_cfg
                0x000012e4      0x110 .\CortexM3\ARM_GCC_541\Debug\cyfitter_cfg.o
                0x000012e4                cyfitter_cfg
 .text.IntDefaultHandler
                0x000013f4       0x10 .\CortexM3\ARM_GCC_541\Debug\Cm3Start.o
                0x000013f4                IntDefaultHandler
 .text._sbrk    0x00001404       0x30 .\CortexM3\ARM_GCC_541\Debug\Cm3Start.o
                0x00001404                _sbrk
 .text.Start_c  0x00001434       0x4c .\CortexM3\ARM_GCC_541\Debug\Cm3Start.o
                0x00001434                Start_c
 .text.initialize_psoc
                0x00001480       0x68 .\CortexM3\ARM_GCC_541\Debug\Cm3Start.o
                0x00001480                initialize_psoc
 .text.CyHalt   0x000014e8        0x4 .\CortexM3\ARM_GCC_541\Debug\006Mutex_Tasks.a(CyLib.o)
                0x000014e8                CyHalt
 .text.CyIntSetSysVector
                0x000014ec       0x28 .\CortexM3\ARM_GCC_541\Debug\006Mutex_Tasks.a(CyLib.o)
                0x000014ec                CyIntSetSysVector
 .text.UART_Init
                0x00001514       0x28 .\CortexM3\ARM_GCC_541\Debug\006Mutex_Tasks.a(UART.o)
                0x00001514                UART_Init
 .text.UART_Enable
                0x0000153c       0x38 .\CortexM3\ARM_GCC_541\Debug\006Mutex_Tasks.a(UART.o)
                0x0000153c                UART_Enable
 .text.UART_Start
                0x00001574       0x1c .\CortexM3\ARM_GCC_541\Debug\006Mutex_Tasks.a(UART.o)
                0x00001574                UART_Start
 .text.UART_PutChar
                0x00001590       0x18 .\CortexM3\ARM_GCC_541\Debug\006Mutex_Tasks.a(UART.o)
                0x00001590                UART_PutChar
 .text.UART_PutString
                0x000015a8       0x24 .\CortexM3\ARM_GCC_541\Debug\006Mutex_Tasks.a(UART.o)
                0x000015a8                UART_PutString
 .text.UART_ClearTxBuffer
                0x000015cc       0x24 .\CortexM3\ARM_GCC_541\Debug\006Mutex_Tasks.a(UART.o)
                0x000015cc                UART_ClearTxBuffer
 .text.UART_IntClock_Start
                0x000015f0       0x1c .\CortexM3\ARM_GCC_541\Debug\006Mutex_Tasks.a(UART_IntClock.o)
                0x000015f0                UART_IntClock_Start
 .text.Pin_LED_Write
                0x0000160c       0x18 .\CortexM3\ARM_GCC_541\Debug\006Mutex_Tasks.a(Pin_LED.o)
                0x0000160c                Pin_LED_Write
 .text.Pin_LED_Read
                0x00001624       0x10 .\CortexM3\ARM_GCC_541\Debug\006Mutex_Tasks.a(Pin_LED.o)
                0x00001624                Pin_LED_Read
 *fill*         0x00001634        0x4 
 .text          0x00001638       0x20 .\CortexM3\ARM_GCC_541\Debug\006Mutex_Tasks.a(CyBootAsmGnu.o)
                0x00001638                CyDelayCycles
                0x00001648                CyEnterCriticalSection
                0x00001650                CyExitCriticalSection
 .text.__errno  0x00001658        0xc c:/program files (x86)/cypress/psoc creator/4.4/psoc creator/import/gnu/arm/5.4.1/bin/../lib/gcc/arm-none-eabi/5.4.1/../../../../arm-none-eabi/lib/armv7-m\libg_nano.a(lib_a-errno.o)
                0x00001658                __errno
 .text.__libc_init_array
                0x00001664       0x4c c:/program files (x86)/cypress/psoc creator/4.4/psoc creator/import/gnu/arm/5.4.1/bin/../lib/gcc/arm-none-eabi/5.4.1/../../../../arm-none-eabi/lib/armv7-m\libg_nano.a(lib_a-init.o)
                0x00001664                __libc_init_array
 .text.memcpy   0x000016b0       0x16 c:/program files (x86)/cypress/psoc creator/4.4/psoc creator/import/gnu/arm/5.4.1/bin/../lib/gcc/arm-none-eabi/5.4.1/../../../../arm-none-eabi/lib/armv7-m\libg_nano.a(lib_a-memcpy-stub.o)
                0x000016b0                memcpy
 .text.memset   0x000016c6       0x10 c:/program files (x86)/cypress/psoc creator/4.4/psoc creator/import/gnu/arm/5.4.1/bin/../lib/gcc/arm-none-eabi/5.4.1/../../../../arm-none-eabi/lib/armv7-m\libg_nano.a(lib_a-memset.o)
                0x000016c6                memset
 .text.__cvt    0x000016d6       0xc0 c:/program files (x86)/cypress/psoc creator/4.4/psoc creator/import/gnu/arm/5.4.1/bin/../lib/gcc/arm-none-eabi/5.4.1/../../../../arm-none-eabi/lib/armv7-m\libg_nano.a(lib_a-nano-vfprintf_float.o)
                0x000016d6                __cvt
 .text.__exponent
                0x00001796       0x62 c:/program files (x86)/cypress/psoc creator/4.4/psoc creator/import/gnu/arm/5.4.1/bin/../lib/gcc/arm-none-eabi/5.4.1/../../../../arm-none-eabi/lib/armv7-m\libg_nano.a(lib_a-nano-vfprintf_float.o)
                0x00001796                __exponent
 .text._printf_float
                0x000017f8      0x488 c:/program files (x86)/cypress/psoc creator/4.4/psoc creator/import/gnu/arm/5.4.1/bin/../lib/gcc/arm-none-eabi/5.4.1/../../../../arm-none-eabi/lib/armv7-m\libg_nano.a(lib_a-nano-vfprintf_float.o)
                0x000017f8                _printf_float
 .text._printf_common
                0x00001c80       0xec c:/program files (x86)/cypress/psoc creator/4.4/psoc creator/import/gnu/arm/5.4.1/bin/../lib/gcc/arm-none-eabi/5.4.1/../../../../arm-none-eabi/lib/armv7-m\libg_nano.a(lib_a-nano-vfprintf_i.o)
                0x00001c80                _printf_common
 .text          0x00001d6c       0x10 c:/program files (x86)/cypress/psoc creator/4.4/psoc creator/import/gnu/arm/5.4.1/bin/../lib/gcc/arm-none-eabi/5.4.1/../../../../arm-none-eabi/lib/armv7-m\libg_nano.a(lib_a-strlen.o)
                0x00001d6c                strlen
 .text.quorem   0x00001d7c      0x116 c:/program files (x86)/cypress/psoc creator/4.4/psoc creator/import/gnu/arm/5.4.1/bin/../lib/gcc/arm-none-eabi/5.4.1/../../../../arm-none-eabi/lib/armv7-m\libg_nano.a(lib_a-dtoa.o)
 *fill*         0x00001e92        0x6 
 .text._dtoa_r  0x00001e98      0xb30 c:/program files (x86)/cypress/psoc creator/4.4/psoc creator/import/gnu/arm/5.4.1/bin/../lib/gcc/arm-none-eabi/5.4.1/../../../../arm-none-eabi/lib/armv7-m\libg_nano.a(lib_a-dtoa.o)
                0x00001e98                _dtoa_r
 .text._localeconv_r
                0x000029c8        0x8 c:/program files (x86)/cypress/psoc creator/4.4/psoc creator/import/gnu/arm/5.4.1/bin/../lib/gcc/arm-none-eabi/5.4.1/../../../../arm-none-eabi/lib/armv7-m\libg_nano.a(lib_a-locale.o)
                0x000029c8                _localeconv_r
 .text.malloc   0x000029d0       0x10 c:/program files (x86)/cypress/psoc creator/4.4/psoc creator/import/gnu/arm/5.4.1/bin/../lib/gcc/arm-none-eabi/5.4.1/../../../../arm-none-eabi/lib/armv7-m\libg_nano.a(lib_a-malloc.o)
                0x000029d0                malloc
 .text._Balloc  0x000029e0       0x6a c:/program files (x86)/cypress/psoc creator/4.4/psoc creator/import/gnu/arm/5.4.1/bin/../lib/gcc/arm-none-eabi/5.4.1/../../../../arm-none-eabi/lib/armv7-m\libg_nano.a(lib_a-mprec.o)
                0x000029e0                _Balloc
 .text._Bfree   0x00002a4a       0x2e c:/program files (x86)/cypress/psoc creator/4.4/psoc creator/import/gnu/arm/5.4.1/bin/../lib/gcc/arm-none-eabi/5.4.1/../../../../arm-none-eabi/lib/armv7-m\libg_nano.a(lib_a-mprec.o)
                0x00002a4a                _Bfree
 .text.__multadd
                0x00002a78       0x76 c:/program files (x86)/cypress/psoc creator/4.4/psoc creator/import/gnu/arm/5.4.1/bin/../lib/gcc/arm-none-eabi/5.4.1/../../../../arm-none-eabi/lib/armv7-m\libg_nano.a(lib_a-mprec.o)
                0x00002a78                __multadd
 .text.__hi0bits
                0x00002aee       0x40 c:/program files (x86)/cypress/psoc creator/4.4/psoc creator/import/gnu/arm/5.4.1/bin/../lib/gcc/arm-none-eabi/5.4.1/../../../../arm-none-eabi/lib/armv7-m\libg_nano.a(lib_a-mprec.o)
                0x00002aee                __hi0bits
 .text.__lo0bits
                0x00002b2e       0x5a c:/program files (x86)/cypress/psoc creator/4.4/psoc creator/import/gnu/arm/5.4.1/bin/../lib/gcc/arm-none-eabi/5.4.1/../../../../arm-none-eabi/lib/armv7-m\libg_nano.a(lib_a-mprec.o)
                0x00002b2e                __lo0bits
 .text.__i2b    0x00002b88       0x12 c:/program files (x86)/cypress/psoc creator/4.4/psoc creator/import/gnu/arm/5.4.1/bin/../lib/gcc/arm-none-eabi/5.4.1/../../../../arm-none-eabi/lib/armv7-m\libg_nano.a(lib_a-mprec.o)
                0x00002b88                __i2b
 .text.__multiply
                0x00002b9a      0x120 c:/program files (x86)/cypress/psoc creator/4.4/psoc creator/import/gnu/arm/5.4.1/bin/../lib/gcc/arm-none-eabi/5.4.1/../../../../arm-none-eabi/lib/armv7-m\libg_nano.a(lib_a-mprec.o)
                0x00002b9a                __multiply
 *fill*         0x00002cba        0x2 
 .text.__pow5mult
                0x00002cbc       0x9c c:/program files (x86)/cypress/psoc creator/4.4/psoc creator/import/gnu/arm/5.4.1/bin/../lib/gcc/arm-none-eabi/5.4.1/../../../../arm-none-eabi/lib/armv7-m\libg_nano.a(lib_a-mprec.o)
                0x00002cbc                __pow5mult
 .text.__lshift
                0x00002d58       0xa2 c:/program files (x86)/cypress/psoc creator/4.4/psoc creator/import/gnu/arm/5.4.1/bin/../lib/gcc/arm-none-eabi/5.4.1/../../../../arm-none-eabi/lib/armv7-m\libg_nano.a(lib_a-mprec.o)
                0x00002d58                __lshift
 .text.__mcmp   0x00002dfa       0x38 c:/program files (x86)/cypress/psoc creator/4.4/psoc creator/import/gnu/arm/5.4.1/bin/../lib/gcc/arm-none-eabi/5.4.1/../../../../arm-none-eabi/lib/armv7-m\libg_nano.a(lib_a-mprec.o)
                0x00002dfa                __mcmp
 .text.__mdiff  0x00002e32       0xbe c:/program files (x86)/cypress/psoc creator/4.4/psoc creator/import/gnu/arm/5.4.1/bin/../lib/gcc/arm-none-eabi/5.4.1/../../../../arm-none-eabi/lib/armv7-m\libg_nano.a(lib_a-mprec.o)
                0x00002e32                __mdiff
 .text.__d2b    0x00002ef0       0x9c c:/program files (x86)/cypress/psoc creator/4.4/psoc creator/import/gnu/arm/5.4.1/bin/../lib/gcc/arm-none-eabi/5.4.1/../../../../arm-none-eabi/lib/armv7-m\libg_nano.a(lib_a-mprec.o)
                0x00002ef0                __d2b
 .text._calloc_r
                0x00002f8c       0x1c c:/program files (x86)/cypress/psoc creator/4.4/psoc creator/import/gnu/arm/5.4.1/bin/../lib/gcc/arm-none-eabi/5.4.1/../../../../arm-none-eabi/lib/armv7-m\libg_nano.a(lib_a-nano-callocr.o)
                0x00002f8c                _calloc_r
 .text._malloc_r
                0x00002fa8       0xbc c:/program files (x86)/cypress/psoc creator/4.4/psoc creator/import/gnu/arm/5.4.1/bin/../lib/gcc/arm-none-eabi/5.4.1/../../../../arm-none-eabi/lib/armv7-m\libg_nano.a(lib_a-nano-mallocr.o)
                0x00002fa8                _malloc_r
 .text._sbrk_r  0x00003064       0x20 c:/program files (x86)/cypress/psoc creator/4.4/psoc creator/import/gnu/arm/5.4.1/bin/../lib/gcc/arm-none-eabi/5.4.1/../../../../arm-none-eabi/lib/armv7-m\libg_nano.a(lib_a-sbrkr.o)
                0x00003064                _sbrk_r
 .text.__malloc_lock
                0x00003084        0x2 c:/program files (x86)/cypress/psoc creator/4.4/psoc creator/import/gnu/arm/5.4.1/bin/../lib/gcc/arm-none-eabi/5.4.1/../../../../arm-none-eabi/lib/armv7-m\libg_nano.a(lib_a-mlock.o)
                0x00003084                __malloc_lock
 .text.__malloc_unlock
                0x00003086        0x2 c:/program files (x86)/cypress/psoc creator/4.4/psoc creator/import/gnu/arm/5.4.1/bin/../lib/gcc/arm-none-eabi/5.4.1/../../../../arm-none-eabi/lib/armv7-m\libg_nano.a(lib_a-mlock.o)
                0x00003086                __malloc_unlock
 .text          0x00003088      0x370 c:/program files (x86)/cypress/psoc creator/4.4/psoc creator/import/gnu/arm/5.4.1/bin/../lib/gcc/arm-none-eabi/5.4.1/armv7-m\libgcc.a(_arm_addsubdf3.o)
                0x00003088                __aeabi_drsub
                0x00003090                __aeabi_dsub
                0x00003090                __subdf3
                0x00003094                __aeabi_dadd
                0x00003094                __adddf3
                0x0000330c                __floatunsidf
                0x0000330c                __aeabi_ui2d
                0x0000332c                __floatsidf
                0x0000332c                __aeabi_i2d
                0x00003350                __aeabi_f2d
                0x00003350                __extendsfdf2
                0x0000338c                __floatundidf
                0x0000338c                __aeabi_ul2d
                0x0000339c                __floatdidf
                0x0000339c                __aeabi_l2d
 .text          0x000033f8      0x424 c:/program files (x86)/cypress/psoc creator/4.4/psoc creator/import/gnu/arm/5.4.1/bin/../lib/gcc/arm-none-eabi/5.4.1/armv7-m\libgcc.a(_arm_muldivdf3.o)
                0x000033f8                __aeabi_dmul
                0x000033f8                __muldf3
                0x0000364c                __divdf3
                0x0000364c                __aeabi_ddiv
 .text          0x0000381c      0x110 c:/program files (x86)/cypress/psoc creator/4.4/psoc creator/import/gnu/arm/5.4.1/bin/../lib/gcc/arm-none-eabi/5.4.1/armv7-m\libgcc.a(_arm_cmpdf2.o)
                0x0000381c                __gtdf2
                0x0000381c                __gedf2
                0x00003824                __ltdf2
                0x00003824                __ledf2
                0x0000382c                __nedf2
                0x0000382c                __eqdf2
                0x0000382c                __cmpdf2
                0x000038a8                __aeabi_cdrcmple
                0x000038b8                __aeabi_cdcmpeq
                0x000038b8                __aeabi_cdcmple
                0x000038c8                __aeabi_dcmpeq
                0x000038dc                __aeabi_dcmplt
                0x000038f0                __aeabi_dcmple
                0x00003904                __aeabi_dcmpge
                0x00003918                __aeabi_dcmpgt
 .text          0x0000392c       0x2c c:/program files (x86)/cypress/psoc creator/4.4/psoc creator/import/gnu/arm/5.4.1/bin/../lib/gcc/arm-none-eabi/5.4.1/armv7-m\libgcc.a(_arm_unorddf2.o)
                0x0000392c                __unorddf2
                0x0000392c                __aeabi_dcmpun
 .text          0x00003958       0x50 c:/program files (x86)/cypress/psoc creator/4.4/psoc creator/import/gnu/arm/5.4.1/bin/../lib/gcc/arm-none-eabi/5.4.1/armv7-m\libgcc.a(_arm_fixdfsi.o)
                0x00003958                __aeabi_d2iz
                0x00003958                __fixdfsi
 *(.plt)
 *(.gnu.warning)
 *(.glue_7t)
 .glue_7t       0x000039a8        0x0 linker stubs
 *(.glue_7)
 .glue_7        0x000039a8        0x0 linker stubs
 *(.vfp11_veneer)
 .vfp11_veneer  0x000039a8        0x0 linker stubs
 *(.bootloader)
 *(.ARM.extab* .gnu.linkonce.armextab.*)
 *(.gcc_except_table)

.v4_bx          0x000039a8        0x0
 .v4_bx         0x000039a8        0x0 linker stubs

.iplt           0x000039a8        0x0
 .iplt          0x000039a8        0x0 c:/program files (x86)/cypress/psoc creator/4.4/psoc creator/import/gnu/arm/5.4.1/bin/../lib/gcc/arm-none-eabi/5.4.1/armv7-m/crtbegin.o

.eh_frame_hdr
 *(.eh_frame_hdr)

.eh_frame       0x000039a8        0x4
 *(.eh_frame)
 .eh_frame      0x000039a8        0x0 c:/program files (x86)/cypress/psoc creator/4.4/psoc creator/import/gnu/arm/5.4.1/bin/../lib/gcc/arm-none-eabi/5.4.1/armv7-m/crtbegin.o
 .eh_frame      0x000039a8        0x4 c:/program files (x86)/cypress/psoc creator/4.4/psoc creator/import/gnu/arm/5.4.1/bin/../lib/gcc/arm-none-eabi/5.4.1/armv7-m/crtend.o
                [!provide]                PROVIDE (__exidx_start, .)

.ARM.exidx
 *(.ARM.exidx* .gnu.linkonce.armexidx.*)
                0x000039ac                __exidx_end = .

.rodata         0x000039b0      0x208
 *(.rodata .rodata.* .gnu.linkonce.r.*)
 .rodata.str1.4
                0x000039b0       0x5b .\CortexM3\ARM_GCC_541\Debug\main.o
 *fill*         0x00003a0b        0x1 
 .rodata.str1.4
                0x00003a0c        0x8 .\CortexM3\ARM_GCC_541\Debug\tasks.o
                                  0x5 (size before relaxing)
 .rodata        0x00003a14       0x42 .\CortexM3\ARM_GCC_541\Debug\cyfitter_cfg.o
 .rodata.str1.1
                0x00003a56        0x2 c:/program files (x86)/cypress/psoc creator/4.4/psoc creator/import/gnu/arm/5.4.1/bin/../lib/gcc/arm-none-eabi/5.4.1/../../../../arm-none-eabi/lib/armv7-m\libg_nano.a(lib_a-impure.o)
 .rodata.str1.1
                0x00003a58       0x12 c:/program files (x86)/cypress/psoc creator/4.4/psoc creator/import/gnu/arm/5.4.1/bin/../lib/gcc/arm-none-eabi/5.4.1/../../../../arm-none-eabi/lib/armv7-m\libg_nano.a(lib_a-nano-vfprintf_float.o)
 .rodata.str1.1
                0x00003a6a        0xd c:/program files (x86)/cypress/psoc creator/4.4/psoc creator/import/gnu/arm/5.4.1/bin/../lib/gcc/arm-none-eabi/5.4.1/../../../../arm-none-eabi/lib/armv7-m\libg_nano.a(lib_a-dtoa.o)
                                  0xf (size before relaxing)
 .rodata.str1.1
                0x00003a77        0x8 c:/program files (x86)/cypress/psoc creator/4.4/psoc creator/import/gnu/arm/5.4.1/bin/../lib/gcc/arm-none-eabi/5.4.1/../../../../arm-none-eabi/lib/armv7-m\libg_nano.a(lib_a-locale.o)
                                  0xb (size before relaxing)
 *fill*         0x00003a7f        0x1 
 .rodata.__mprec_tens
                0x00003a80       0xc8 c:/program files (x86)/cypress/psoc creator/4.4/psoc creator/import/gnu/arm/5.4.1/bin/../lib/gcc/arm-none-eabi/5.4.1/../../../../arm-none-eabi/lib/armv7-m\libg_nano.a(lib_a-mprec.o)
                0x00003a80                __mprec_tens
 .rodata.p05.5408
                0x00003b48        0xc c:/program files (x86)/cypress/psoc creator/4.4/psoc creator/import/gnu/arm/5.4.1/bin/../lib/gcc/arm-none-eabi/5.4.1/../../../../arm-none-eabi/lib/armv7-m\libg_nano.a(lib_a-mprec.o)
 *fill*         0x00003b54        0x4 
 .rodata.__mprec_bigtens
                0x00003b58       0x28 c:/program files (x86)/cypress/psoc creator/4.4/psoc creator/import/gnu/arm/5.4.1/bin/../lib/gcc/arm-none-eabi/5.4.1/../../../../arm-none-eabi/lib/armv7-m\libg_nano.a(lib_a-mprec.o)
                0x00003b58                __mprec_bigtens
                0x00003b80                . = ALIGN (0x4)
 *(.init)
 .init          0x00003b80        0x4 c:/program files (x86)/cypress/psoc creator/4.4/psoc creator/import/gnu/arm/5.4.1/bin/../lib/gcc/arm-none-eabi/5.4.1/armv7-m/crti.o
                0x00003b80                _init
 .init          0x00003b84        0x8 c:/program files (x86)/cypress/psoc creator/4.4/psoc creator/import/gnu/arm/5.4.1/bin/../lib/gcc/arm-none-eabi/5.4.1/armv7-m/crtn.o
                0x00003b8c                . = ALIGN (0x4)
                0x00003b8c                __preinit_array_start = .
 *(.preinit_array)
                0x00003b8c                __preinit_array_end = .
                0x00003b8c                . = ALIGN (0x4)
                0x00003b8c                __init_array_start = .
 *(SORT(.init_array.*))
 *(.init_array)
 .init_array    0x00003b8c        0x4 c:/program files (x86)/cypress/psoc creator/4.4/psoc creator/import/gnu/arm/5.4.1/bin/../lib/gcc/arm-none-eabi/5.4.1/armv7-m/crtbegin.o
 .init_array    0x00003b90        0x4 .\CortexM3\ARM_GCC_541\Debug\Cm3Start.o
                0x00003b94                __init_array_end = .
                0x00003b94                . = ALIGN (0x4)
 *(.fini)
 .fini          0x00003b94        0x4 c:/program files (x86)/cypress/psoc creator/4.4/psoc creator/import/gnu/arm/5.4.1/bin/../lib/gcc/arm-none-eabi/5.4.1/armv7-m/crti.o
                0x00003b94                _fini
 .fini          0x00003b98        0x8 c:/program files (x86)/cypress/psoc creator/4.4/psoc creator/import/gnu/arm/5.4.1/bin/../lib/gcc/arm-none-eabi/5.4.1/armv7-m/crtn.o
                0x00003ba0                . = ALIGN (0x4)
                0x00003ba0                __fini_array_start = .
 *(.fini_array)
 .fini_array    0x00003ba0        0x4 c:/program files (x86)/cypress/psoc creator/4.4/psoc creator/import/gnu/arm/5.4.1/bin/../lib/gcc/arm-none-eabi/5.4.1/armv7-m/crtbegin.o
 *(SORT(.fini_array.*))
                0x00003ba4                __fini_array_end = .
                0x00003ba4                . = ALIGN (0x4)
 *crtbegin.o(.ctors)
 *(EXCLUDE_FILE(*crtend.o) .ctors)
 *(SORT(.ctors.*))
 *crtend.o(.ctors)
                0x00003ba4                . = ALIGN (0x4)
 *crtbegin.o(.dtors)
 *(EXCLUDE_FILE(*crtend.o) .dtors)
 *(SORT(.dtors.*))
 *crtend.o(.dtors)
                0x00003ba4                . = ALIGN (0x4)
                0x00003ba4                __cy_regions = .
                0x00003ba4        0x4 LONG 0x3bb8 __cy_region_init_ram
                0x00003ba8        0x4 LONG 0x1fff80c8 __cy_region_start_data
                0x00003bac        0x4 LONG 0xa8 __cy_region_init_size_ram
                0x00003bb0        0x4 LONG 0x8150 __cy_region_zero_size_ram
                0x00003bb4                __cy_regions_end = .
                0x00003bb8                . = ALIGN (0x8)
 *fill*         0x00003bb4        0x4 
                0x00003bb8                _etext = .

.cy_checksum_exclude
                0x00003bb8        0x0
 *(.cy_checksum_exclude)

.ramvectors     0x1fff8000       0xc0
                0x1fff8000                __cy_region_start_ram = .
 *(.ramvectors)
 .ramvectors    0x1fff8000       0xc0 .\CortexM3\ARM_GCC_541\Debug\Cm3Start.o
                0x1fff8000                CyRamVectors

.noinit         0x1fff80c0        0x1
 *(.noinit)
 .noinit        0x1fff80c0        0x1 .\CortexM3\ARM_GCC_541\Debug\006Mutex_Tasks.a(CyLib.o)
                0x1fff80c0                CyResetStatus

.data           0x1fff80c8       0xa8 load address 0x00003bb8
                0x1fff80c8                __cy_region_start_data = .
 *(.jcr)
 .jcr           0x1fff80c8        0x0 c:/program files (x86)/cypress/psoc creator/4.4/psoc creator/import/gnu/arm/5.4.1/bin/../lib/gcc/arm-none-eabi/5.4.1/armv7-m/crtbegin.o
 .jcr           0x1fff80c8        0x4 c:/program files (x86)/cypress/psoc creator/4.4/psoc creator/import/gnu/arm/5.4.1/bin/../lib/gcc/arm-none-eabi/5.4.1/armv7-m/crtend.o
 *(.got.plt)
 *(.got)
 *(.shdata)
 *(.data .data.* .gnu.linkonce.d.*)
 .data          0x1fff80cc        0x4 .\CortexM3\ARM_GCC_541\Debug\port.o
 .data          0x1fff80d0        0x4 .\CortexM3\ARM_GCC_541\Debug\Cm3Start.o
 .data.impure_data
                0x1fff80d4       0x60 c:/program files (x86)/cypress/psoc creator/4.4/psoc creator/import/gnu/arm/5.4.1/bin/../lib/gcc/arm-none-eabi/5.4.1/../../../../arm-none-eabi/lib/armv7-m\libg_nano.a(lib_a-impure.o)
 .data._impure_ptr
                0x1fff8134        0x4 c:/program files (x86)/cypress/psoc creator/4.4/psoc creator/import/gnu/arm/5.4.1/bin/../lib/gcc/arm-none-eabi/5.4.1/../../../../arm-none-eabi/lib/armv7-m\libg_nano.a(lib_a-impure.o)
                0x1fff8134                _impure_ptr
 .data.lconv    0x1fff8138       0x38 c:/program files (x86)/cypress/psoc creator/4.4/psoc creator/import/gnu/arm/5.4.1/bin/../lib/gcc/arm-none-eabi/5.4.1/../../../../arm-none-eabi/lib/armv7-m\libg_nano.a(lib_a-locale.o)
                0x1fff8170                . = ALIGN (0x8)
 *(.ram)
                0x1fff8170                _edata = .

.igot.plt       0x1fff8170        0x0 load address 0x00003c60
 .igot.plt      0x1fff8170        0x0 c:/program files (x86)/cypress/psoc creator/4.4/psoc creator/import/gnu/arm/5.4.1/bin/../lib/gcc/arm-none-eabi/5.4.1/armv7-m/crtbegin.o

.bss            0x1fff8170     0x8150 load address 0x00003c60
                0x1fff8170                PROVIDE (__bss_start__, .)
 *(.shbss)
 *(.bss .bss.* .gnu.linkonce.b.*)
 .bss           0x1fff8170       0x1c c:/program files (x86)/cypress/psoc creator/4.4/psoc creator/import/gnu/arm/5.4.1/bin/../lib/gcc/arm-none-eabi/5.4.1/armv7-m/crtbegin.o
 .bss           0x1fff818c     0x8008 .\CortexM3\ARM_GCC_541\Debug\heap_1.o
 .bss           0x20000194      0x118 .\CortexM3\ARM_GCC_541\Debug\tasks.o
                0x20000280                pxCurrentTCB
 .bss           0x200002ac        0x2 .\CortexM3\ARM_GCC_541\Debug\006Mutex_Tasks.a(UART.o)
                0x200002ac                UART_initVar
 *fill*         0x200002ae        0x2 
 .bss.__malloc_sbrk_start
                0x200002b0        0x4 c:/program files (x86)/cypress/psoc creator/4.4/psoc creator/import/gnu/arm/5.4.1/bin/../lib/gcc/arm-none-eabi/5.4.1/../../../../arm-none-eabi/lib/armv7-m\libg_nano.a(lib_a-nano-mallocr.o)
                0x200002b0                __malloc_sbrk_start
 .bss.__malloc_free_list
                0x200002b4        0x4 c:/program files (x86)/cypress/psoc creator/4.4/psoc creator/import/gnu/arm/5.4.1/bin/../lib/gcc/arm-none-eabi/5.4.1/../../../../arm-none-eabi/lib/armv7-m\libg_nano.a(lib_a-nano-mallocr.o)
                0x200002b4                __malloc_free_list
 *(COMMON)
 COMMON         0x200002b8        0x4 .\CortexM3\ARM_GCC_541\Debug\main.o
                0x200002b8                uart_mutex
 COMMON         0x200002bc        0x4 c:/program files (x86)/cypress/psoc creator/4.4/psoc creator/import/gnu/arm/5.4.1/bin/../lib/gcc/arm-none-eabi/5.4.1/../../../../arm-none-eabi/lib/armv7-m\libg_nano.a(lib_a-reent.o)
                0x200002bc                errno
                0x200002c0                . = ALIGN (0x8)
 *(.ram.b)
                0x200002c0                _end = .
                0x200002c0                __end = .
                0x200002c0                PROVIDE (end, .)
                0x200002c0                PROVIDE (__bss_end__, .)
                0x00003bb8                __cy_region_init_ram = LOADADDR (.data)
                0x000000a8                __cy_region_init_size_ram = (_edata - ADDR (.data))
                0x00008150                __cy_region_zero_size_ram = (_end - _edata)

.heap           0x200002c0     0x1000 load address 0x00003c60
                0x200002c0                . = _end
                0x200012c0                . = (. + 0x1000)
 *fill*         0x200002c0     0x1000 
                0x200012c0                __cy_heap_limit = .

.stack          0x20007000     0x1000
                0x20007000                __cy_stack_limit = .
                0x20008000                . = (. + 0x1000)
 *fill*         0x20007000     0x1000 
                0x00000001                ASSERT ((__cy_stack_limit >= __cy_heap_limit), region RAM overflowed with stack)
                0x00000000                cy_checksum_exclude_size = (CY_APPL_LOADABLE == 0x1)?SIZEOF (.cy_checksum_exclude):0x0
                0x00000001                ASSERT ((cy_checksum_exclude_size <= CY_CHECKSUM_EXCLUDE_SIZE), CY_BOOT: Section .cy_checksum_exclude size exceedes specified limit.)

.cyloadermeta
 *(.cyloadermeta)

.cyloadablemeta
 *(.cyloadablemeta)

.cyconfigecc    0x80000000      0x2ec
 *(.cyconfigecc)
 .cyconfigecc   0x80000000      0x2ec .\CortexM3\ARM_GCC_541\Debug\cymetadata.o
                0x80000000                cy_meta_configecc

.cycustnvl      0x90000000        0x4
 *(.cycustnvl)
 .cycustnvl     0x90000000        0x4 .\CortexM3\ARM_GCC_541\Debug\cymetadata.o
                0x90000000                cy_meta_custnvl

.cywolatch      0x90100000        0x4
 *(.cywolatch)
 .cywolatch     0x90100000        0x4 .\CortexM3\ARM_GCC_541\Debug\cymetadata.o
                0x90100000                cy_meta_wonvl

.cyeeprom       0x90200000        0x0
 *(.cyeeprom)
                0x00000001                ASSERT ((. <= ((0x90200000 + ee_offset) + ee_size)), .cyeeprom data will not fit in EEPROM)

.cyflashprotect
                0x90400000      0x100
 *(.cyflashprotect)
 .cyflashprotect
                0x90400000      0x100 .\CortexM3\ARM_GCC_541\Debug\cymetadata.o
                0x90400000                cy_meta_flashprotect

.cymeta         0x90500000        0xc
 *(.cymeta)
 .cymeta        0x90500000        0xc .\CortexM3\ARM_GCC_541\Debug\cymetadata.o
                0x90500000                cy_metadata

.rel.dyn        0x00003c60        0x0 load address 0x9050000c
 .rel.iplt      0x00003c60        0x0 c:/program files (x86)/cypress/psoc creator/4.4/psoc creator/import/gnu/arm/5.4.1/bin/../lib/gcc/arm-none-eabi/5.4.1/armv7-m/crtbegin.o

.stab
 *(.stab)

.stabstr
 *(.stabstr)

.debug
 *(.debug)

.line
 *(.line)

.debug_srcinfo
 *(.debug_srcinfo)

.debug_sfnames
 *(.debug_sfnames)

.debug_aranges  0x00000000      0xc08
 *(.debug_aranges)
 .debug_aranges
                0x00000000       0x30 .\CortexM3\ARM_GCC_541\Debug\main.o
 .debug_aranges
                0x00000030       0x20 .\CortexM3\ARM_GCC_541\Debug\FreeRTOS.o
 .debug_aranges
                0x00000050       0x70 .\CortexM3\ARM_GCC_541\Debug\port.o
 .debug_aranges
                0x000000c0       0x38 .\CortexM3\ARM_GCC_541\Debug\heap_1.o
 .debug_aranges
                0x000000f8       0x18 .\CortexM3\ARM_GCC_541\Debug\croutine.o
 .debug_aranges
                0x00000110       0x68 .\CortexM3\ARM_GCC_541\Debug\event_groups.o
 .debug_aranges
                0x00000178       0x40 .\CortexM3\ARM_GCC_541\Debug\list.o
 .debug_aranges
                0x000001b8      0x110 .\CortexM3\ARM_GCC_541\Debug\queue.o
 .debug_aranges
                0x000002c8       0xc0 .\CortexM3\ARM_GCC_541\Debug\stream_buffer.o
 .debug_aranges
                0x00000388      0x1b8 .\CortexM3\ARM_GCC_541\Debug\tasks.o
 .debug_aranges
                0x00000540       0x18 .\CortexM3\ARM_GCC_541\Debug\timers.o
 .debug_aranges
                0x00000558       0x58 .\CortexM3\ARM_GCC_541\Debug\cyfitter_cfg.o
 .debug_aranges
                0x000005b0       0x18 .\CortexM3\ARM_GCC_541\Debug\cymetadata.o
 .debug_aranges
                0x000005c8       0x48 .\CortexM3\ARM_GCC_541\Debug\Cm3Start.o
 .debug_aranges
                0x00000610      0x2a0 .\CortexM3\ARM_GCC_541\Debug\006Mutex_Tasks.a(CyLib.o)
 .debug_aranges
                0x000008b0       0x98 .\CortexM3\ARM_GCC_541\Debug\006Mutex_Tasks.a(cyPm.o)
 .debug_aranges
                0x00000948       0xf0 .\CortexM3\ARM_GCC_541\Debug\006Mutex_Tasks.a(UART.o)
 .debug_aranges
                0x00000a38       0x70 .\CortexM3\ARM_GCC_541\Debug\006Mutex_Tasks.a(UART_IntClock.o)
 .debug_aranges
                0x00000aa8       0x38 .\CortexM3\ARM_GCC_541\Debug\006Mutex_Tasks.a(Pin_LED.o)
 .debug_aranges
                0x00000ae0       0x20 .\CortexM3\ARM_GCC_541\Debug\006Mutex_Tasks.a(CyBootAsmGnu.o)
 .debug_aranges
                0x00000b00       0x88 .\CortexM3\ARM_GCC_541\Debug\006Mutex_Tasks.a(CyFlash.o)
 .debug_aranges
                0x00000b88       0x80 .\CortexM3\ARM_GCC_541\Debug\006Mutex_Tasks.a(CySpc.o)

.debug_pubnames
 *(.debug_pubnames)

.debug_info     0x00000000     0xa1a7
 *(.debug_info .gnu.linkonce.wi.*)
 .debug_info    0x00000000      0x3d6 .\CortexM3\ARM_GCC_541\Debug\main.o
 .debug_info    0x000003d6      0x166 .\CortexM3\ARM_GCC_541\Debug\FreeRTOS.o
 .debug_info    0x0000053c      0x363 .\CortexM3\ARM_GCC_541\Debug\port.o
 .debug_info    0x0000089f      0x1e3 .\CortexM3\ARM_GCC_541\Debug\heap_1.o
 .debug_info    0x00000a82       0xae .\CortexM3\ARM_GCC_541\Debug\croutine.o
 .debug_info    0x00000b30      0x926 .\CortexM3\ARM_GCC_541\Debug\event_groups.o
 .debug_info    0x00001456      0x2e5 .\CortexM3\ARM_GCC_541\Debug\list.o
 .debug_info    0x0000173b     0x1958 .\CortexM3\ARM_GCC_541\Debug\queue.o
 .debug_info    0x00003093     0x1274 .\CortexM3\ARM_GCC_541\Debug\stream_buffer.o
 .debug_info    0x00004307     0x1ff2 .\CortexM3\ARM_GCC_541\Debug\tasks.o
 .debug_info    0x000062f9       0xae .\CortexM3\ARM_GCC_541\Debug\timers.o
 .debug_info    0x000063a7      0x595 .\CortexM3\ARM_GCC_541\Debug\cyfitter_cfg.o
 .debug_info    0x0000693c      0x135 .\CortexM3\ARM_GCC_541\Debug\cymetadata.o
 .debug_info    0x00006a71      0x3bb .\CortexM3\ARM_GCC_541\Debug\Cm3Start.o
 .debug_info    0x00006e2c     0x1374 .\CortexM3\ARM_GCC_541\Debug\006Mutex_Tasks.a(CyLib.o)
 .debug_info    0x000081a0      0xa2a .\CortexM3\ARM_GCC_541\Debug\006Mutex_Tasks.a(cyPm.o)
 .debug_info    0x00008bca      0x60c .\CortexM3\ARM_GCC_541\Debug\006Mutex_Tasks.a(UART.o)
 .debug_info    0x000091d6      0x283 .\CortexM3\ARM_GCC_541\Debug\006Mutex_Tasks.a(UART_IntClock.o)
 .debug_info    0x00009459      0x11f .\CortexM3\ARM_GCC_541\Debug\006Mutex_Tasks.a(Pin_LED.o)
 .debug_info    0x00009578       0x92 .\CortexM3\ARM_GCC_541\Debug\006Mutex_Tasks.a(CyBootAsmGnu.o)
 .debug_info    0x0000960a      0x64d .\CortexM3\ARM_GCC_541\Debug\006Mutex_Tasks.a(CyFlash.o)
 .debug_info    0x00009c57      0x550 .\CortexM3\ARM_GCC_541\Debug\006Mutex_Tasks.a(CySpc.o)

.debug_abbrev   0x00000000     0x1fbd
 *(.debug_abbrev)
 .debug_abbrev  0x00000000      0x115 .\CortexM3\ARM_GCC_541\Debug\main.o
 .debug_abbrev  0x00000115       0xd3 .\CortexM3\ARM_GCC_541\Debug\FreeRTOS.o
 .debug_abbrev  0x000001e8      0x1db .\CortexM3\ARM_GCC_541\Debug\port.o
 .debug_abbrev  0x000003c3      0x131 .\CortexM3\ARM_GCC_541\Debug\heap_1.o
 .debug_abbrev  0x000004f4       0x4b .\CortexM3\ARM_GCC_541\Debug\croutine.o
 .debug_abbrev  0x0000053f      0x226 .\CortexM3\ARM_GCC_541\Debug\event_groups.o
 .debug_abbrev  0x00000765       0xf6 .\CortexM3\ARM_GCC_541\Debug\list.o
 .debug_abbrev  0x0000085b      0x2c8 .\CortexM3\ARM_GCC_541\Debug\queue.o
 .debug_abbrev  0x00000b23      0x275 .\CortexM3\ARM_GCC_541\Debug\stream_buffer.o
 .debug_abbrev  0x00000d98      0x2f3 .\CortexM3\ARM_GCC_541\Debug\tasks.o
 .debug_abbrev  0x0000108b       0x4b .\CortexM3\ARM_GCC_541\Debug\timers.o
 .debug_abbrev  0x000010d6      0x20d .\CortexM3\ARM_GCC_541\Debug\cyfitter_cfg.o
 .debug_abbrev  0x000012e3       0x66 .\CortexM3\ARM_GCC_541\Debug\cymetadata.o
 .debug_abbrev  0x00001349      0x1e8 .\CortexM3\ARM_GCC_541\Debug\Cm3Start.o
 .debug_abbrev  0x00001531      0x254 .\CortexM3\ARM_GCC_541\Debug\006Mutex_Tasks.a(CyLib.o)
 .debug_abbrev  0x00001785      0x1ab .\CortexM3\ARM_GCC_541\Debug\006Mutex_Tasks.a(cyPm.o)
 .debug_abbrev  0x00001930      0x175 .\CortexM3\ARM_GCC_541\Debug\006Mutex_Tasks.a(UART.o)
 .debug_abbrev  0x00001aa5      0x139 .\CortexM3\ARM_GCC_541\Debug\006Mutex_Tasks.a(UART_IntClock.o)
 .debug_abbrev  0x00001bde       0x90 .\CortexM3\ARM_GCC_541\Debug\006Mutex_Tasks.a(Pin_LED.o)
 .debug_abbrev  0x00001c6e       0x14 .\CortexM3\ARM_GCC_541\Debug\006Mutex_Tasks.a(CyBootAsmGnu.o)
 .debug_abbrev  0x00001c82      0x1a7 .\CortexM3\ARM_GCC_541\Debug\006Mutex_Tasks.a(CyFlash.o)
 .debug_abbrev  0x00001e29      0x194 .\CortexM3\ARM_GCC_541\Debug\006Mutex_Tasks.a(CySpc.o)

.debug_line     0x00000000     0x427f
 *(.debug_line)
 .debug_line    0x00000000      0x22e .\CortexM3\ARM_GCC_541\Debug\main.o
 .debug_line    0x0000022e      0x18b .\CortexM3\ARM_GCC_541\Debug\FreeRTOS.o
 .debug_line    0x000003b9      0x2bc .\CortexM3\ARM_GCC_541\Debug\port.o
 .debug_line    0x00000675      0x271 .\CortexM3\ARM_GCC_541\Debug\heap_1.o
 .debug_line    0x000008e6      0x13f .\CortexM3\ARM_GCC_541\Debug\croutine.o
 .debug_line    0x00000a25      0x350 .\CortexM3\ARM_GCC_541\Debug\event_groups.o
 .debug_line    0x00000d75      0x234 .\CortexM3\ARM_GCC_541\Debug\list.o
 .debug_line    0x00000fa9      0x70b .\CortexM3\ARM_GCC_541\Debug\queue.o
 .debug_line    0x000016b4      0x540 .\CortexM3\ARM_GCC_541\Debug\stream_buffer.o
 .debug_line    0x00001bf4      0xabb .\CortexM3\ARM_GCC_541\Debug\tasks.o
 .debug_line    0x000026af      0x13f .\CortexM3\ARM_GCC_541\Debug\timers.o
 .debug_line    0x000027ee      0x1f3 .\CortexM3\ARM_GCC_541\Debug\cyfitter_cfg.o
 .debug_line    0x000029e1      0x141 .\CortexM3\ARM_GCC_541\Debug\cymetadata.o
 .debug_line    0x00002b22      0x234 .\CortexM3\ARM_GCC_541\Debug\Cm3Start.o
 .debug_line    0x00002d56      0x816 .\CortexM3\ARM_GCC_541\Debug\006Mutex_Tasks.a(CyLib.o)
 .debug_line    0x0000356c      0x367 .\CortexM3\ARM_GCC_541\Debug\006Mutex_Tasks.a(cyPm.o)
 .debug_line    0x000038d3      0x2bc .\CortexM3\ARM_GCC_541\Debug\006Mutex_Tasks.a(UART.o)
 .debug_line    0x00003b8f      0x17c .\CortexM3\ARM_GCC_541\Debug\006Mutex_Tasks.a(UART_IntClock.o)
 .debug_line    0x00003d0b       0x94 .\CortexM3\ARM_GCC_541\Debug\006Mutex_Tasks.a(Pin_LED.o)
 .debug_line    0x00003d9f       0x66 .\CortexM3\ARM_GCC_541\Debug\006Mutex_Tasks.a(CyBootAsmGnu.o)
 .debug_line    0x00003e05      0x21a .\CortexM3\ARM_GCC_541\Debug\006Mutex_Tasks.a(CyFlash.o)
 .debug_line    0x0000401f      0x260 .\CortexM3\ARM_GCC_541\Debug\006Mutex_Tasks.a(CySpc.o)

.debug_frame    0x00000000     0x2840
 *(.debug_frame)
 .debug_frame   0x00000000       0x64 .\CortexM3\ARM_GCC_541\Debug\main.o
 .debug_frame   0x00000064       0x2c .\CortexM3\ARM_GCC_541\Debug\FreeRTOS.o
 .debug_frame   0x00000090       0xe0 .\CortexM3\ARM_GCC_541\Debug\port.o
 .debug_frame   0x00000170       0x60 .\CortexM3\ARM_GCC_541\Debug\heap_1.o
 .debug_frame   0x000001d0      0x13c .\CortexM3\ARM_GCC_541\Debug\event_groups.o
 .debug_frame   0x0000030c       0x70 .\CortexM3\ARM_GCC_541\Debug\list.o
 .debug_frame   0x0000037c      0x3a0 .\CortexM3\ARM_GCC_541\Debug\queue.o
 .debug_frame   0x0000071c      0x2f0 .\CortexM3\ARM_GCC_541\Debug\stream_buffer.o
 .debug_frame   0x00000a0c      0x634 .\CortexM3\ARM_GCC_541\Debug\tasks.o
 .debug_frame   0x00001040       0xe4 .\CortexM3\ARM_GCC_541\Debug\cyfitter_cfg.o
 .debug_frame   0x00001124       0xb8 .\CortexM3\ARM_GCC_541\Debug\Cm3Start.o
 .debug_frame   0x000011dc      0x738 .\CortexM3\ARM_GCC_541\Debug\006Mutex_Tasks.a(CyLib.o)
 .debug_frame   0x00001914      0x1f8 .\CortexM3\ARM_GCC_541\Debug\006Mutex_Tasks.a(cyPm.o)
 .debug_frame   0x00001b0c      0x250 .\CortexM3\ARM_GCC_541\Debug\006Mutex_Tasks.a(UART.o)
 .debug_frame   0x00001d5c       0xe0 .\CortexM3\ARM_GCC_541\Debug\006Mutex_Tasks.a(UART_IntClock.o)
 .debug_frame   0x00001e3c       0x50 .\CortexM3\ARM_GCC_541\Debug\006Mutex_Tasks.a(Pin_LED.o)
 .debug_frame   0x00001e8c      0x194 .\CortexM3\ARM_GCC_541\Debug\006Mutex_Tasks.a(CyFlash.o)
 .debug_frame   0x00002020      0x180 .\CortexM3\ARM_GCC_541\Debug\006Mutex_Tasks.a(CySpc.o)
 .debug_frame   0x000021a0       0x20 c:/program files (x86)/cypress/psoc creator/4.4/psoc creator/import/gnu/arm/5.4.1/bin/../lib/gcc/arm-none-eabi/5.4.1/../../../../arm-none-eabi/lib/armv7-m\libg_nano.a(lib_a-errno.o)
 .debug_frame   0x000021c0       0x28 c:/program files (x86)/cypress/psoc creator/4.4/psoc creator/import/gnu/arm/5.4.1/bin/../lib/gcc/arm-none-eabi/5.4.1/../../../../arm-none-eabi/lib/armv7-m\libg_nano.a(lib_a-exit.o)
 .debug_frame   0x000021e8       0x2c c:/program files (x86)/cypress/psoc creator/4.4/psoc creator/import/gnu/arm/5.4.1/bin/../lib/gcc/arm-none-eabi/5.4.1/../../../../arm-none-eabi/lib/armv7-m\libg_nano.a(lib_a-init.o)
 .debug_frame   0x00002214       0x28 c:/program files (x86)/cypress/psoc creator/4.4/psoc creator/import/gnu/arm/5.4.1/bin/../lib/gcc/arm-none-eabi/5.4.1/../../../../arm-none-eabi/lib/armv7-m\libg_nano.a(lib_a-memcpy-stub.o)
 .debug_frame   0x0000223c       0x20 c:/program files (x86)/cypress/psoc creator/4.4/psoc creator/import/gnu/arm/5.4.1/bin/../lib/gcc/arm-none-eabi/5.4.1/../../../../arm-none-eabi/lib/armv7-m\libg_nano.a(lib_a-memset.o)
 .debug_frame   0x0000225c       0x8c c:/program files (x86)/cypress/psoc creator/4.4/psoc creator/import/gnu/arm/5.4.1/bin/../lib/gcc/arm-none-eabi/5.4.1/../../../../arm-none-eabi/lib/armv7-m\libg_nano.a(lib_a-nano-vfprintf_float.o)
 .debug_frame   0x000022e8       0x60 c:/program files (x86)/cypress/psoc creator/4.4/psoc creator/import/gnu/arm/5.4.1/bin/../lib/gcc/arm-none-eabi/5.4.1/../../../../arm-none-eabi/lib/armv7-m\libg_nano.a(lib_a-nano-vfprintf_i.o)
 .debug_frame   0x00002348       0x6c c:/program files (x86)/cypress/psoc creator/4.4/psoc creator/import/gnu/arm/5.4.1/bin/../lib/gcc/arm-none-eabi/5.4.1/../../../../arm-none-eabi/lib/armv7-m\libg_nano.a(lib_a-dtoa.o)
 .debug_frame   0x000023b4       0x98 c:/program files (x86)/cypress/psoc creator/4.4/psoc creator/import/gnu/arm/5.4.1/bin/../lib/gcc/arm-none-eabi/5.4.1/../../../../arm-none-eabi/lib/armv7-m\libg_nano.a(lib_a-locale.o)
 .debug_frame   0x0000244c       0x30 c:/program files (x86)/cypress/psoc creator/4.4/psoc creator/import/gnu/arm/5.4.1/bin/../lib/gcc/arm-none-eabi/5.4.1/../../../../arm-none-eabi/lib/armv7-m\libg_nano.a(lib_a-malloc.o)
 .debug_frame   0x0000247c       0x28 c:/program files (x86)/cypress/psoc creator/4.4/psoc creator/import/gnu/arm/5.4.1/bin/../lib/gcc/arm-none-eabi/5.4.1/../../../../arm-none-eabi/lib/armv7-m\libg_nano.a(lib_a-memchr-stub.o)
 .debug_frame   0x000024a4      0x234 c:/program files (x86)/cypress/psoc creator/4.4/psoc creator/import/gnu/arm/5.4.1/bin/../lib/gcc/arm-none-eabi/5.4.1/../../../../arm-none-eabi/lib/armv7-m\libg_nano.a(lib_a-mprec.o)
 .debug_frame   0x000026d8       0x2c c:/program files (x86)/cypress/psoc creator/4.4/psoc creator/import/gnu/arm/5.4.1/bin/../lib/gcc/arm-none-eabi/5.4.1/../../../../arm-none-eabi/lib/armv7-m\libg_nano.a(lib_a-nano-callocr.o)
 .debug_frame   0x00002704       0x38 c:/program files (x86)/cypress/psoc creator/4.4/psoc creator/import/gnu/arm/5.4.1/bin/../lib/gcc/arm-none-eabi/5.4.1/../../../../arm-none-eabi/lib/armv7-m\libg_nano.a(lib_a-nano-freer.o)
 .debug_frame   0x0000273c       0x2c c:/program files (x86)/cypress/psoc creator/4.4/psoc creator/import/gnu/arm/5.4.1/bin/../lib/gcc/arm-none-eabi/5.4.1/../../../../arm-none-eabi/lib/armv7-m\libg_nano.a(lib_a-nano-mallocr.o)
 .debug_frame   0x00002768       0x2c c:/program files (x86)/cypress/psoc creator/4.4/psoc creator/import/gnu/arm/5.4.1/bin/../lib/gcc/arm-none-eabi/5.4.1/../../../../arm-none-eabi/lib/armv7-m\libg_nano.a(lib_a-sbrkr.o)
 .debug_frame   0x00002794       0x20 c:/program files (x86)/cypress/psoc creator/4.4/psoc creator/import/gnu/arm/5.4.1/bin/../lib/gcc/arm-none-eabi/5.4.1/../../../../arm-none-eabi/lib/armv7-m\libg_nano.a(lib_a-strcmp.o)
 .debug_frame   0x000027b4       0x30 c:/program files (x86)/cypress/psoc creator/4.4/psoc creator/import/gnu/arm/5.4.1/bin/../lib/gcc/arm-none-eabi/5.4.1/../../../../arm-none-eabi/lib/armv7-m\libg_nano.a(lib_a-mlock.o)
 .debug_frame   0x000027e4       0x5c c:/program files (x86)/cypress/psoc creator/4.4/psoc creator/import/gnu/arm/5.4.1/bin/../lib/gcc/arm-none-eabi/5.4.1/../../../../arm-none-eabi/lib/armv7-m\libg_nano.a(lib_a-reent.o)

.debug_str      0x00000000     0x33a3
 *(.debug_str)
 .debug_str     0x00000000      0x281 .\CortexM3\ARM_GCC_541\Debug\main.o
                                0x2e5 (size before relaxing)
 .debug_str     0x00000281       0xb8 .\CortexM3\ARM_GCC_541\Debug\FreeRTOS.o
                                0x268 (size before relaxing)
 .debug_str     0x00000339      0x1cd .\CortexM3\ARM_GCC_541\Debug\port.o
                                0x393 (size before relaxing)
 .debug_str     0x00000506       0xce .\CortexM3\ARM_GCC_541\Debug\heap_1.o
                                0x290 (size before relaxing)
 .debug_str     0x000005d4       0x1e .\CortexM3\ARM_GCC_541\Debug\croutine.o
                                0x1ba (size before relaxing)
 .debug_str     0x000005f2      0x3ac .\CortexM3\ARM_GCC_541\Debug\event_groups.o
                                0x63b (size before relaxing)
 .debug_str     0x0000099e       0x97 .\CortexM3\ARM_GCC_541\Debug\list.o
                                0x309 (size before relaxing)
 .debug_str     0x00000a35      0x682 .\CortexM3\ARM_GCC_541\Debug\queue.o
                                0xa7d (size before relaxing)
 .debug_str     0x000010b7      0x4cd .\CortexM3\ARM_GCC_541\Debug\stream_buffer.o
                                0x86f (size before relaxing)
 .debug_str     0x00001584      0x850 .\CortexM3\ARM_GCC_541\Debug\tasks.o
                                0xf89 (size before relaxing)
 .debug_str     0x00001dd4       0x1c .\CortexM3\ARM_GCC_541\Debug\timers.o
                                0x1b8 (size before relaxing)
 .debug_str     0x00001df0      0x1a7 .\CortexM3\ARM_GCC_541\Debug\cyfitter_cfg.o
                                0x346 (size before relaxing)
 .debug_str     0x00001f97       0x75 .\CortexM3\ARM_GCC_541\Debug\cymetadata.o
                                0x1e6 (size before relaxing)
 .debug_str     0x0000200c      0x137 .\CortexM3\ARM_GCC_541\Debug\Cm3Start.o
                                0x30c (size before relaxing)
 .debug_str     0x00002143      0x842 .\CortexM3\ARM_GCC_541\Debug\006Mutex_Tasks.a(CyLib.o)
                                0xa49 (size before relaxing)
 .debug_str     0x00002985      0x365 .\CortexM3\ARM_GCC_541\Debug\006Mutex_Tasks.a(cyPm.o)
                                0x735 (size before relaxing)
 .debug_str     0x00002cea      0x27a .\CortexM3\ARM_GCC_541\Debug\006Mutex_Tasks.a(UART.o)
                                0x477 (size before relaxing)
 .debug_str     0x00002f64      0x183 .\CortexM3\ARM_GCC_541\Debug\006Mutex_Tasks.a(UART_IntClock.o)
                                0x338 (size before relaxing)
 .debug_str     0x000030e7       0x55 .\CortexM3\ARM_GCC_541\Debug\006Mutex_Tasks.a(Pin_LED.o)
                                0x1ee (size before relaxing)
 .debug_str     0x0000313c      0x1bb .\CortexM3\ARM_GCC_541\Debug\006Mutex_Tasks.a(CyFlash.o)
                                0x3c2 (size before relaxing)
 .debug_str     0x000032f7       0xac .\CortexM3\ARM_GCC_541\Debug\006Mutex_Tasks.a(CySpc.o)
                                0x33a (size before relaxing)

.debug_loc      0x00000000     0x6199
 *(.debug_loc)
 .debug_loc     0x00000000       0x42 .\CortexM3\ARM_GCC_541\Debug\main.o
 .debug_loc     0x00000042       0xa8 .\CortexM3\ARM_GCC_541\Debug\port.o
 .debug_loc     0x000000ea       0x5f .\CortexM3\ARM_GCC_541\Debug\heap_1.o
 .debug_loc     0x00000149      0x6e0 .\CortexM3\ARM_GCC_541\Debug\event_groups.o
 .debug_loc     0x00000829       0x65 .\CortexM3\ARM_GCC_541\Debug\list.o
 .debug_loc     0x0000088e     0x13f4 .\CortexM3\ARM_GCC_541\Debug\queue.o
 .debug_loc     0x00001c82     0x10b5 .\CortexM3\ARM_GCC_541\Debug\stream_buffer.o
 .debug_loc     0x00002d37     0x1652 .\CortexM3\ARM_GCC_541\Debug\tasks.o
 .debug_loc     0x00004389      0x25a .\CortexM3\ARM_GCC_541\Debug\cyfitter_cfg.o
 .debug_loc     0x000045e3      0x144 .\CortexM3\ARM_GCC_541\Debug\Cm3Start.o
 .debug_loc     0x00004727      0xa11 .\CortexM3\ARM_GCC_541\Debug\006Mutex_Tasks.a(CyLib.o)
 .debug_loc     0x00005138      0x1e4 .\CortexM3\ARM_GCC_541\Debug\006Mutex_Tasks.a(cyPm.o)
 .debug_loc     0x0000531c      0x258 .\CortexM3\ARM_GCC_541\Debug\006Mutex_Tasks.a(UART.o)
 .debug_loc     0x00005574      0x12c .\CortexM3\ARM_GCC_541\Debug\006Mutex_Tasks.a(UART_IntClock.o)
 .debug_loc     0x000056a0       0x42 .\CortexM3\ARM_GCC_541\Debug\006Mutex_Tasks.a(Pin_LED.o)
 .debug_loc     0x000056e2      0x3b2 .\CortexM3\ARM_GCC_541\Debug\006Mutex_Tasks.a(CyFlash.o)
 .debug_loc     0x00005a94      0x705 .\CortexM3\ARM_GCC_541\Debug\006Mutex_Tasks.a(CySpc.o)

.debug_macinfo
 *(.debug_macinfo)

.debug_ranges   0x00000000      0xb20
 *(.debug_ranges)
 .debug_ranges  0x00000000       0x20 .\CortexM3\ARM_GCC_541\Debug\main.o
 .debug_ranges  0x00000020       0x10 .\CortexM3\ARM_GCC_541\Debug\FreeRTOS.o
 .debug_ranges  0x00000030       0x60 .\CortexM3\ARM_GCC_541\Debug\port.o
 .debug_ranges  0x00000090       0x28 .\CortexM3\ARM_GCC_541\Debug\heap_1.o
 .debug_ranges  0x000000b8       0x70 .\CortexM3\ARM_GCC_541\Debug\event_groups.o
 .debug_ranges  0x00000128       0x30 .\CortexM3\ARM_GCC_541\Debug\list.o
 .debug_ranges  0x00000158      0x148 .\CortexM3\ARM_GCC_541\Debug\queue.o
 .debug_ranges  0x000002a0       0xb0 .\CortexM3\ARM_GCC_541\Debug\stream_buffer.o
 .debug_ranges  0x00000350      0x1e8 .\CortexM3\ARM_GCC_541\Debug\tasks.o
 .debug_ranges  0x00000538       0x48 .\CortexM3\ARM_GCC_541\Debug\cyfitter_cfg.o
 .debug_ranges  0x00000580       0x38 .\CortexM3\ARM_GCC_541\Debug\Cm3Start.o
 .debug_ranges  0x000005b8      0x290 .\CortexM3\ARM_GCC_541\Debug\006Mutex_Tasks.a(CyLib.o)
 .debug_ranges  0x00000848       0x88 .\CortexM3\ARM_GCC_541\Debug\006Mutex_Tasks.a(cyPm.o)
 .debug_ranges  0x000008d0       0xe0 .\CortexM3\ARM_GCC_541\Debug\006Mutex_Tasks.a(UART.o)
 .debug_ranges  0x000009b0       0x60 .\CortexM3\ARM_GCC_541\Debug\006Mutex_Tasks.a(UART_IntClock.o)
 .debug_ranges  0x00000a10       0x28 .\CortexM3\ARM_GCC_541\Debug\006Mutex_Tasks.a(Pin_LED.o)
 .debug_ranges  0x00000a38       0x78 .\CortexM3\ARM_GCC_541\Debug\006Mutex_Tasks.a(CyFlash.o)
 .debug_ranges  0x00000ab0       0x70 .\CortexM3\ARM_GCC_541\Debug\006Mutex_Tasks.a(CySpc.o)

.comment        0x00000000       0x6e
 .comment       0x00000000       0x6e .\CortexM3\ARM_GCC_541\Debug\main.o
                                 0x6f (size before relaxing)
 .comment       0x0000006e       0x6f .\CortexM3\ARM_GCC_541\Debug\FreeRTOS.o
 .comment       0x0000006e       0x6f .\CortexM3\ARM_GCC_541\Debug\port.o
 .comment       0x0000006e       0x6f .\CortexM3\ARM_GCC_541\Debug\heap_1.o
 .comment       0x0000006e       0x6f .\CortexM3\ARM_GCC_541\Debug\croutine.o
 .comment       0x0000006e       0x6f .\CortexM3\ARM_GCC_541\Debug\event_groups.o
 .comment       0x0000006e       0x6f .\CortexM3\ARM_GCC_541\Debug\list.o
 .comment       0x0000006e       0x6f .\CortexM3\ARM_GCC_541\Debug\queue.o
 .comment       0x0000006e       0x6f .\CortexM3\ARM_GCC_541\Debug\stream_buffer.o
 .comment       0x0000006e       0x6f .\CortexM3\ARM_GCC_541\Debug\tasks.o
 .comment       0x0000006e       0x6f .\CortexM3\ARM_GCC_541\Debug\timers.o
 .comment       0x0000006e       0x6f .\CortexM3\ARM_GCC_541\Debug\cyfitter_cfg.o
 .comment       0x0000006e       0x6f .\CortexM3\ARM_GCC_541\Debug\cymetadata.o
 .comment       0x0000006e       0x6f .\CortexM3\ARM_GCC_541\Debug\Cm3Start.o
 .comment       0x0000006e       0x6f .\CortexM3\ARM_GCC_541\Debug\006Mutex_Tasks.a(CyLib.o)
 .comment       0x0000006e       0x6f .\CortexM3\ARM_GCC_541\Debug\006Mutex_Tasks.a(cyPm.o)
 .comment       0x0000006e       0x6f .\CortexM3\ARM_GCC_541\Debug\006Mutex_Tasks.a(UART.o)
 .comment       0x0000006e       0x6f .\CortexM3\ARM_GCC_541\Debug\006Mutex_Tasks.a(UART_IntClock.o)
 .comment       0x0000006e       0x6f .\CortexM3\ARM_GCC_541\Debug\006Mutex_Tasks.a(Pin_LED.o)
 .comment       0x0000006e       0x6f .\CortexM3\ARM_GCC_541\Debug\006Mutex_Tasks.a(CyFlash.o)
 .comment       0x0000006e       0x6f .\CortexM3\ARM_GCC_541\Debug\006Mutex_Tasks.a(CySpc.o)

.debug_weaknames
 *(.debug_weaknames)

.debug_funcnames
 *(.debug_funcnames)

.debug_typenames
 *(.debug_typenames)

.debug_varnames
 *(.debug_varnames)

.note.gnu.arm.ident
 *(.note.gnu.arm.ident)

.ARM.attributes
                0x00000000       0x29
 *(.ARM.attributes)
 .ARM.attributes
                0x00000000       0x1d c:/program files (x86)/cypress/psoc creator/4.4/psoc creator/import/gnu/arm/5.4.1/bin/../lib/gcc/arm-none-eabi/5.4.1/armv7-m/crti.o
 .ARM.attributes
                0x0000001d       0x2d c:/program files (x86)/cypress/psoc creator/4.4/psoc creator/import/gnu/arm/5.4.1/bin/../lib/gcc/arm-none-eabi/5.4.1/armv7-m/crtbegin.o
 .ARM.attributes
                0x0000004a       0x1b c:/program files (x86)/cypress/psoc creator/4.4/psoc creator/import/gnu/arm/5.4.1/bin/../lib/gcc/arm-none-eabi/5.4.1/../../../../arm-none-eabi/lib/armv7-m/crt0.o
 .ARM.attributes
                0x00000065       0x33 .\CortexM3\ARM_GCC_541\Debug\main.o
 .ARM.attributes
                0x00000098       0x33 .\CortexM3\ARM_GCC_541\Debug\FreeRTOS.o
 .ARM.attributes
                0x000000cb       0x33 .\CortexM3\ARM_GCC_541\Debug\port.o
 .ARM.attributes
                0x000000fe       0x33 .\CortexM3\ARM_GCC_541\Debug\heap_1.o
 .ARM.attributes
                0x00000131       0x33 .\CortexM3\ARM_GCC_541\Debug\croutine.o
 .ARM.attributes
                0x00000164       0x33 .\CortexM3\ARM_GCC_541\Debug\event_groups.o
 .ARM.attributes
                0x00000197       0x33 .\CortexM3\ARM_GCC_541\Debug\list.o
 .ARM.attributes
                0x000001ca       0x33 .\CortexM3\ARM_GCC_541\Debug\queue.o
 .ARM.attributes
                0x000001fd       0x33 .\CortexM3\ARM_GCC_541\Debug\stream_buffer.o
 .ARM.attributes
                0x00000230       0x33 .\CortexM3\ARM_GCC_541\Debug\tasks.o
 .ARM.attributes
                0x00000263       0x33 .\CortexM3\ARM_GCC_541\Debug\timers.o
 .ARM.attributes
                0x00000296       0x33 .\CortexM3\ARM_GCC_541\Debug\cyfitter_cfg.o
 .ARM.attributes
                0x000002c9       0x33 .\CortexM3\ARM_GCC_541\Debug\cymetadata.o
 .ARM.attributes
                0x000002fc       0x33 .\CortexM3\ARM_GCC_541\Debug\Cm3Start.o
 .ARM.attributes
                0x0000032f       0x33 .\CortexM3\ARM_GCC_541\Debug\006Mutex_Tasks.a(CyLib.o)
 .ARM.attributes
                0x00000362       0x33 .\CortexM3\ARM_GCC_541\Debug\006Mutex_Tasks.a(cyPm.o)
 .ARM.attributes
                0x00000395       0x33 .\CortexM3\ARM_GCC_541\Debug\006Mutex_Tasks.a(UART.o)
 .ARM.attributes
                0x000003c8       0x33 .\CortexM3\ARM_GCC_541\Debug\006Mutex_Tasks.a(UART_IntClock.o)
 .ARM.attributes
                0x000003fb       0x33 .\CortexM3\ARM_GCC_541\Debug\006Mutex_Tasks.a(Pin_LED.o)
 .ARM.attributes
                0x0000042e       0x21 .\CortexM3\ARM_GCC_541\Debug\006Mutex_Tasks.a(CyBootAsmGnu.o)
 .ARM.attributes
                0x0000044f       0x33 .\CortexM3\ARM_GCC_541\Debug\006Mutex_Tasks.a(CyFlash.o)
 .ARM.attributes
                0x00000482       0x33 .\CortexM3\ARM_GCC_541\Debug\006Mutex_Tasks.a(CySpc.o)
 .ARM.attributes
                0x000004b5       0x2d c:/program files (x86)/cypress/psoc creator/4.4/psoc creator/import/gnu/arm/5.4.1/bin/../lib/gcc/arm-none-eabi/5.4.1/../../../../arm-none-eabi/lib/armv7-m\libg_nano.a(lib_a-errno.o)
 .ARM.attributes
                0x000004e2       0x2d c:/program files (x86)/cypress/psoc creator/4.4/psoc creator/import/gnu/arm/5.4.1/bin/../lib/gcc/arm-none-eabi/5.4.1/../../../../arm-none-eabi/lib/armv7-m\libg_nano.a(lib_a-exit.o)
 .ARM.attributes
                0x0000050f       0x2d c:/program files (x86)/cypress/psoc creator/4.4/psoc creator/import/gnu/arm/5.4.1/bin/../lib/gcc/arm-none-eabi/5.4.1/../../../../arm-none-eabi/lib/armv7-m\libg_nano.a(lib_a-impure.o)
 .ARM.attributes
                0x0000053c       0x2d c:/program files (x86)/cypress/psoc creator/4.4/psoc creator/import/gnu/arm/5.4.1/bin/../lib/gcc/arm-none-eabi/5.4.1/../../../../arm-none-eabi/lib/armv7-m\libg_nano.a(lib_a-init.o)
 .ARM.attributes
                0x00000569       0x2d c:/program files (x86)/cypress/psoc creator/4.4/psoc creator/import/gnu/arm/5.4.1/bin/../lib/gcc/arm-none-eabi/5.4.1/../../../../arm-none-eabi/lib/armv7-m\libg_nano.a(lib_a-memcpy-stub.o)
 .ARM.attributes
                0x00000596       0x2d c:/program files (x86)/cypress/psoc creator/4.4/psoc creator/import/gnu/arm/5.4.1/bin/../lib/gcc/arm-none-eabi/5.4.1/../../../../arm-none-eabi/lib/armv7-m\libg_nano.a(lib_a-memset.o)
 .ARM.attributes
                0x000005c3       0x2d c:/program files (x86)/cypress/psoc creator/4.4/psoc creator/import/gnu/arm/5.4.1/bin/../lib/gcc/arm-none-eabi/5.4.1/../../../../arm-none-eabi/lib/armv7-m\libg_nano.a(lib_a-nano-vfprintf_float.o)
 .ARM.attributes
                0x000005f0       0x2d c:/program files (x86)/cypress/psoc creator/4.4/psoc creator/import/gnu/arm/5.4.1/bin/../lib/gcc/arm-none-eabi/5.4.1/../../../../arm-none-eabi/lib/armv7-m\libg_nano.a(lib_a-nano-vfprintf_i.o)
 .ARM.attributes
                0x0000061d       0x17 c:/program files (x86)/cypress/psoc creator/4.4/psoc creator/import/gnu/arm/5.4.1/bin/../lib/gcc/arm-none-eabi/5.4.1/../../../../arm-none-eabi/lib/armv7-m\libg_nano.a(lib_a-strlen.o)
 .ARM.attributes
                0x00000634       0x2d c:/program files (x86)/cypress/psoc creator/4.4/psoc creator/import/gnu/arm/5.4.1/bin/../lib/gcc/arm-none-eabi/5.4.1/../../../../arm-none-eabi/lib/armv7-m\libg_nano.a(lib_a-dtoa.o)
 .ARM.attributes
                0x00000661       0x2d c:/program files (x86)/cypress/psoc creator/4.4/psoc creator/import/gnu/arm/5.4.1/bin/../lib/gcc/arm-none-eabi/5.4.1/../../../../arm-none-eabi/lib/armv7-m\libg_nano.a(lib_a-locale.o)
 .ARM.attributes
                0x0000068e       0x2d c:/program files (x86)/cypress/psoc creator/4.4/psoc creator/import/gnu/arm/5.4.1/bin/../lib/gcc/arm-none-eabi/5.4.1/../../../../arm-none-eabi/lib/armv7-m\libg_nano.a(lib_a-malloc.o)
 .ARM.attributes
                0x000006bb       0x2d c:/program files (x86)/cypress/psoc creator/4.4/psoc creator/import/gnu/arm/5.4.1/bin/../lib/gcc/arm-none-eabi/5.4.1/../../../../arm-none-eabi/lib/armv7-m\libg_nano.a(lib_a-memchr-stub.o)
 .ARM.attributes
                0x000006e8       0x2d c:/program files (x86)/cypress/psoc creator/4.4/psoc creator/import/gnu/arm/5.4.1/bin/../lib/gcc/arm-none-eabi/5.4.1/../../../../arm-none-eabi/lib/armv7-m\libg_nano.a(lib_a-mprec.o)
 .ARM.attributes
                0x00000715       0x2d c:/program files (x86)/cypress/psoc creator/4.4/psoc creator/import/gnu/arm/5.4.1/bin/../lib/gcc/arm-none-eabi/5.4.1/../../../../arm-none-eabi/lib/armv7-m\libg_nano.a(lib_a-nano-callocr.o)
 .ARM.attributes
                0x00000742       0x2d c:/program files (x86)/cypress/psoc creator/4.4/psoc creator/import/gnu/arm/5.4.1/bin/../lib/gcc/arm-none-eabi/5.4.1/../../../../arm-none-eabi/lib/armv7-m\libg_nano.a(lib_a-nano-freer.o)
 .ARM.attributes
                0x0000076f       0x2d c:/program files (x86)/cypress/psoc creator/4.4/psoc creator/import/gnu/arm/5.4.1/bin/../lib/gcc/arm-none-eabi/5.4.1/../../../../arm-none-eabi/lib/armv7-m\libg_nano.a(lib_a-nano-mallocr.o)
 .ARM.attributes
                0x0000079c       0x2d c:/program files (x86)/cypress/psoc creator/4.4/psoc creator/import/gnu/arm/5.4.1/bin/../lib/gcc/arm-none-eabi/5.4.1/../../../../arm-none-eabi/lib/armv7-m\libg_nano.a(lib_a-sbrkr.o)
 .ARM.attributes
                0x000007c9       0x1b c:/program files (x86)/cypress/psoc creator/4.4/psoc creator/import/gnu/arm/5.4.1/bin/../lib/gcc/arm-none-eabi/5.4.1/../../../../arm-none-eabi/lib/armv7-m\libg_nano.a(lib_a-strcmp.o)
 .ARM.attributes
                0x000007e4       0x2d c:/program files (x86)/cypress/psoc creator/4.4/psoc creator/import/gnu/arm/5.4.1/bin/../lib/gcc/arm-none-eabi/5.4.1/../../../../arm-none-eabi/lib/armv7-m\libg_nano.a(lib_a-mlock.o)
 .ARM.attributes
                0x00000811       0x2d c:/program files (x86)/cypress/psoc creator/4.4/psoc creator/import/gnu/arm/5.4.1/bin/../lib/gcc/arm-none-eabi/5.4.1/../../../../arm-none-eabi/lib/armv7-m\libg_nano.a(lib_a-reent.o)
 .ARM.attributes
                0x0000083e       0x1d c:/program files (x86)/cypress/psoc creator/4.4/psoc creator/import/gnu/arm/5.4.1/bin/../lib/gcc/arm-none-eabi/5.4.1/armv7-m\libgcc.a(_arm_addsubdf3.o)
 .ARM.attributes
                0x0000085b       0x1d c:/program files (x86)/cypress/psoc creator/4.4/psoc creator/import/gnu/arm/5.4.1/bin/../lib/gcc/arm-none-eabi/5.4.1/armv7-m\libgcc.a(_arm_muldivdf3.o)
 .ARM.attributes
                0x00000878       0x1d c:/program files (x86)/cypress/psoc creator/4.4/psoc creator/import/gnu/arm/5.4.1/bin/../lib/gcc/arm-none-eabi/5.4.1/armv7-m\libgcc.a(_arm_cmpdf2.o)
 .ARM.attributes
                0x00000895       0x1d c:/program files (x86)/cypress/psoc creator/4.4/psoc creator/import/gnu/arm/5.4.1/bin/../lib/gcc/arm-none-eabi/5.4.1/armv7-m\libgcc.a(_arm_unorddf2.o)
 .ARM.attributes
                0x000008b2       0x1d c:/program files (x86)/cypress/psoc creator/4.4/psoc creator/import/gnu/arm/5.4.1/bin/../lib/gcc/arm-none-eabi/5.4.1/armv7-m\libgcc.a(_arm_fixdfsi.o)
 .ARM.attributes
                0x000008cf       0x2d c:/program files (x86)/cypress/psoc creator/4.4/psoc creator/import/gnu/arm/5.4.1/bin/../lib/gcc/arm-none-eabi/5.4.1/armv7-m/crtend.o
 .ARM.attributes
                0x000008fc       0x1d c:/program files (x86)/cypress/psoc creator/4.4/psoc creator/import/gnu/arm/5.4.1/bin/../lib/gcc/arm-none-eabi/5.4.1/armv7-m/crtn.o

/DISCARD/
 *(.note.GNU-stack)
OUTPUT(C:\IIITB\Summer Term\Summer Term\freertos_test\006Mutex_Tasks.cydsn\CortexM3\ARM_GCC_541\Debug\006Mutex_Tasks.elf elf32-littlearm)
