Archive member included to satisfy reference by file (symbol)

.\CortexM3\ARM_GCC_541\Debug\000Test.a(led.o)
                              .\CortexM3\ARM_GCC_541\Debug\main.o (led_Write)
.\CortexM3\ARM_GCC_541\Debug\000Test.a(CyLib.o)
                              .\CortexM3\ARM_GCC_541\Debug\Cm3Start.o (CyHalt)
.\CortexM3\ARM_GCC_541\Debug\000Test.a(cyPm.o)
                              .\CortexM3\ARM_GCC_541\Debug\000Test.a(CyLib.o) (CyPmReadStatus)
.\CortexM3\ARM_GCC_541\Debug\000Test.a(UART.o)
                              .\CortexM3\ARM_GCC_541\Debug\main.o (UART_Start)
.\CortexM3\ARM_GCC_541\Debug\000Test.a(UART_IntClock.o)
                              .\CortexM3\ARM_GCC_541\Debug\000Test.a(UART.o) (UART_IntClock_Start)
.\CortexM3\ARM_GCC_541\Debug\000Test.a(CyBootAsmGnu.o)
                              .\CortexM3\ARM_GCC_541\Debug\cyfitter_cfg.o (CyDelayCycles)
.\CortexM3\ARM_GCC_541\Debug\000Test.a(CyFlash.o)
                              .\CortexM3\ARM_GCC_541\Debug\000Test.a(cyPm.o) (CyFlash_SetWaitCycles)
.\CortexM3\ARM_GCC_541\Debug\000Test.a(CySpc.o)
                              .\CortexM3\ARM_GCC_541\Debug\000Test.a(CyFlash.o) (CySpcStart)
c:/program files (x86)/cypress/psoc creator/4.4/psoc creator/import/gnu/arm/5.4.1/bin/../lib/gcc/arm-none-eabi/5.4.1/../../../../arm-none-eabi/lib/armv7-m\libg_nano.a(lib_a-errno.o)
                              .\CortexM3\ARM_GCC_541\Debug\Cm3Start.o (__errno)
c:/program files (x86)/cypress/psoc creator/4.4/psoc creator/import/gnu/arm/5.4.1/bin/../lib/gcc/arm-none-eabi/5.4.1/../../../../arm-none-eabi/lib/armv7-m\libg_nano.a(lib_a-exit.o)
                              c:/program files (x86)/cypress/psoc creator/4.4/psoc creator/import/gnu/arm/5.4.1/bin/../lib/gcc/arm-none-eabi/5.4.1/../../../../arm-none-eabi/lib/armv7-m/crt0.o (exit)
c:/program files (x86)/cypress/psoc creator/4.4/psoc creator/import/gnu/arm/5.4.1/bin/../lib/gcc/arm-none-eabi/5.4.1/../../../../arm-none-eabi/lib/armv7-m\libg_nano.a(lib_a-impure.o)
                              c:/program files (x86)/cypress/psoc creator/4.4/psoc creator/import/gnu/arm/5.4.1/bin/../lib/gcc/arm-none-eabi/5.4.1/../../../../arm-none-eabi/lib/armv7-m\libg_nano.a(lib_a-exit.o) (_global_impure_ptr)
c:/program files (x86)/cypress/psoc creator/4.4/psoc creator/import/gnu/arm/5.4.1/bin/../lib/gcc/arm-none-eabi/5.4.1/../../../../arm-none-eabi/lib/armv7-m\libg_nano.a(lib_a-init.o)
                              c:/program files (x86)/cypress/psoc creator/4.4/psoc creator/import/gnu/arm/5.4.1/bin/../lib/gcc/arm-none-eabi/5.4.1/../../../../arm-none-eabi/lib/armv7-m/crt0.o (__libc_init_array)
c:/program files (x86)/cypress/psoc creator/4.4/psoc creator/import/gnu/arm/5.4.1/bin/../lib/gcc/arm-none-eabi/5.4.1/../../../../arm-none-eabi/lib/armv7-m\libg_nano.a(lib_a-memcpy-stub.o)
                              .\CortexM3\ARM_GCC_541\Debug\queue.o (memcpy)
c:/program files (x86)/cypress/psoc creator/4.4/psoc creator/import/gnu/arm/5.4.1/bin/../lib/gcc/arm-none-eabi/5.4.1/../../../../arm-none-eabi/lib/armv7-m\libg_nano.a(lib_a-memset.o)
                              c:/program files (x86)/cypress/psoc creator/4.4/psoc creator/import/gnu/arm/5.4.1/bin/../lib/gcc/arm-none-eabi/5.4.1/../../../../arm-none-eabi/lib/armv7-m/crt0.o (memset)
c:/program files (x86)/cypress/psoc creator/4.4/psoc creator/import/gnu/arm/5.4.1/bin/../lib/gcc/arm-none-eabi/5.4.1/../../../../arm-none-eabi/lib/armv7-m\libg_nano.a(lib_a-nano-vfprintf_float.o)
                              (_printf_float)
c:/program files (x86)/cypress/psoc creator/4.4/psoc creator/import/gnu/arm/5.4.1/bin/../lib/gcc/arm-none-eabi/5.4.1/../../../../arm-none-eabi/lib/armv7-m\libg_nano.a(lib_a-nano-vfprintf_i.o)
                              c:/program files (x86)/cypress/psoc creator/4.4/psoc creator/import/gnu/arm/5.4.1/bin/../lib/gcc/arm-none-eabi/5.4.1/../../../../arm-none-eabi/lib/armv7-m\libg_nano.a(lib_a-nano-vfprintf_float.o) (_printf_common)
c:/program files (x86)/cypress/psoc creator/4.4/psoc creator/import/gnu/arm/5.4.1/bin/../lib/gcc/arm-none-eabi/5.4.1/../../../../arm-none-eabi/lib/armv7-m\libg_nano.a(lib_a-strlen.o)
                              c:/program files (x86)/cypress/psoc creator/4.4/psoc creator/import/gnu/arm/5.4.1/bin/../lib/gcc/arm-none-eabi/5.4.1/../../../../arm-none-eabi/lib/armv7-m\libg_nano.a(lib_a-nano-vfprintf_float.o) (strlen)
c:/program files (x86)/cypress/psoc creator/4.4/psoc creator/import/gnu/arm/5.4.1/bin/../lib/gcc/arm-none-eabi/5.4.1/../../../../arm-none-eabi/lib/armv7-m\libg_nano.a(lib_a-dtoa.o)
                              c:/program files (x86)/cypress/psoc creator/4.4/psoc creator/import/gnu/arm/5.4.1/bin/../lib/gcc/arm-none-eabi/5.4.1/../../../../arm-none-eabi/lib/armv7-m\libg_nano.a(lib_a-nano-vfprintf_float.o) (_dtoa_r)
c:/program files (x86)/cypress/psoc creator/4.4/psoc creator/import/gnu/arm/5.4.1/bin/../lib/gcc/arm-none-eabi/5.4.1/../../../../arm-none-eabi/lib/armv7-m\libg_nano.a(lib_a-locale.o)
[...]
Memory Configuration

Name             Origin             Length             Attributes
rom              0x00000000         0x00040000         xr
ram              0x1fff8000         0x00010000         xrw
*default*        0x00000000         0xffffffff

Linker script and memory map

LOAD c:/program files (x86)/cypress/psoc creator/4.4/psoc creator/import/gnu/arm/5.4.1/bin/../lib/gcc/arm-none-eabi/5.4.1/armv7-m/crti.o
LOAD c:/program files (x86)/cypress/psoc creator/4.4/psoc creator/import/gnu/arm/5.4.1/bin/../lib/gcc/arm-none-eabi/5.4.1/armv7-m/crtbegin.o
LOAD c:/program files (x86)/cypress/psoc creator/4.4/psoc creator/import/gnu/arm/5.4.1/bin/../lib/gcc/arm-none-eabi/5.4.1/../../../../arm-none-eabi/lib/armv7-m/crt0.o
START GROUP
LOAD .\CortexM3\ARM_GCC_541\Debug\main.o
LOAD .\CortexM3\ARM_GCC_541\Debug\FreeRTOS.o
LOAD .\CortexM3\ARM_GCC_541\Debug\port.o
LOAD .\CortexM3\ARM_GCC_541\Debug\heap_1.o
LOAD .\CortexM3\ARM_GCC_541\Debug\croutine.o
LOAD .\CortexM3\ARM_GCC_541\Debug\event_groups.o
LOAD .\CortexM3\ARM_GCC_541\Debug\list.o
LOAD .\CortexM3\ARM_GCC_541\Debug\queue.o
LOAD .\CortexM3\ARM_GCC_541\Debug\stream_buffer.o
LOAD .\CortexM3\ARM_GCC_541\Debug\tasks.o
LOAD .\CortexM3\ARM_GCC_541\Debug\timers.o
LOAD .\CortexM3\ARM_GCC_541\Debug\cyfitter_cfg.o
LOAD .\CortexM3\ARM_GCC_541\Debug\cymetadata.o
LOAD .\CortexM3\ARM_GCC_541\Debug\Cm3Start.o
LOAD .\CortexM3\ARM_GCC_541\Debug\000Test.a
LOAD C:\Program Files (x86)\Cypress\PSoC Creator\4.4\PSoC Creator\psoc\content\cycomponentlibrary\CyComponentLibrary.cylib\CortexM3\ARM_GCC_541\Debug\CyComponentLibrary.a
LOAD c:/program files (x86)/cypress/psoc creator/4.4/psoc creator/import/gnu/arm/5.4.1/bin/../lib/gcc/arm-none-eabi/5.4.1/../../../../arm-none-eabi/lib/armv7-m\libm.a
END GROUP
START GROUP
LOAD c:/program files (x86)/cypress/psoc creator/4.4/psoc creator/import/gnu/arm/5.4.1/bin/../lib/gcc/arm-none-eabi/5.4.1/armv7-m\libgcc.a
LOAD c:/program files (x86)/cypress/psoc creator/4.4/psoc creator/import/gnu/arm/5.4.1/bin/../lib/gcc/arm-none-eabi/5.4.1/../../../../arm-none-eabi/lib/armv7-m\libg_nano.a
LOAD c:/program files (x86)/cypress/psoc creator/4.4/psoc creator/import/gnu/arm/5.4.1/bin/../lib/gcc/arm-none-eabi/5.4.1/../../../../arm-none-eabi/lib/armv7-m\libc_nano.a
END GROUP
START GROUP
LOAD c:/program files (x86)/cypress/psoc creator/4.4/psoc creator/import/gnu/arm/5.4.1/bin/../lib/gcc/arm-none-eabi/5.4.1/armv7-m\libgcc.a
LOAD c:/program files (x86)/cypress/psoc creator/4.4/psoc creator/import/gnu/arm/5.4.1/bin/../lib/gcc/arm-none-eabi/5.4.1/../../../../arm-none-eabi/lib/armv7-m\libc_nano.a
END GROUP
LOAD c:/program files (x86)/cypress/psoc creator/4.4/psoc creator/import/gnu/arm/5.4.1/bin/../lib/gcc/arm-none-eabi/5.4.1/armv7-m/crtend.o
LOAD c:/program files (x86)/cypress/psoc creator/4.4/psoc creator/import/gnu/arm/5.4.1/bin/../lib/gcc/arm-none-eabi/5.4.1/armv7-m/crtn.o
START GROUP
LOAD c:/program files (x86)/cypress/psoc creator/4.4/psoc creator/import/gnu/arm/5.4.1/bin/../lib/gcc/arm-none-eabi/5.4.1/armv7-m\libgcc.a
LOAD c:/program files (x86)/cypress/psoc creator/4.4/psoc creator/import/gnu/arm/5.4.1/bin/../lib/gcc/arm-none-eabi/5.4.1/../../../../arm-none-eabi/lib/armv7-m\libc.a
LOAD c:/program files (x86)/cypress/psoc creator/4.4/psoc creator/import/gnu/arm/5.4.1/bin/../lib/gcc/arm-none-eabi/5.4.1/../../../../arm-none-eabi/lib/armv7-m\libnosys.a
END GROUP
                0x00000000                CY_APPL_ORIGIN = 0x0
                0x00000100                CY_FLASH_ROW_SIZE = 0x100
                0x00000020                CY_ECC_ROW_SIZE = 0x20
                0x00000000                CY_EE_IN_BTLDR = 0x0
                0x00000000                CY_APPL_LOADABLE = 0x0
                0x00000800                CY_EE_SIZE = 0x800
                0x00000001                CY_APPL_NUM = 0x1
                0x00000001                CY_APPL_MAX = 0x1
                0x00000040                CY_METADATA_SIZE = 0x40
                0x00000000                CY_APPL_LOADABLE = 0x0
                0x00000000                CY_CHECKSUM_EXCLUDE_SIZE = ALIGN (0x0, CY_FLASH_ROW_SIZE)
                [!provide]                PROVIDE (__cy_heap_start, _end)
                0x00000001                PROVIDE (__cy_region_num, ((__cy_regions_end - __cy_regions) / 0x10))
                0x20008000                PROVIDE (__cy_stack, (ORIGIN (ram) + LENGTH (ram)))
                [!provide]                PROVIDE (__cy_heap_end, (__cy_stack - 0x1000))

.cybootloader   0x00000000        0x0
 *(.cybootloader)
                0x00000000                appl1_start = CY_APPL_ORIGIN?CY_APPL_ORIGIN:ALIGN (CY_FLASH_ROW_SIZE)
                0x0001ff00                appl2_start = (appl1_start + ALIGN ((((LENGTH (rom) - appl1_start) - (0x2 * CY_FLASH_ROW_SIZE)) / 0x2), CY_FLASH_ROW_SIZE))
                0x00000000                appl_start = (CY_APPL_NUM == 0x1)?appl1_start:appl2_start
                0x00000000                ecc_offset = ((appl_start / CY_FLASH_ROW_SIZE) * CY_ECC_ROW_SIZE)
                0x00000000                ee_offset = (CY_APPL_LOADABLE && ! (CY_EE_IN_BTLDR))?((CY_EE_SIZE / CY_APPL_MAX) * (CY_APPL_NUM - 0x1)):0x0
                0x00000800                ee_size = (CY_APPL_LOADABLE && ! (CY_EE_IN_BTLDR))?(CY_EE_SIZE / CY_APPL_MAX):CY_EE_SIZE
                [!provide]                PROVIDE (CY_ECC_OFFSET, ecc_offset)

.text           0x00000000     0x3190
 CREATE_OBJECT_SYMBOLS
                0x00000000                PROVIDE (__cy_interrupt_vector, RomVectors)
 *(.romvectors)
 .romvectors    0x00000000       0x10 .\CortexM3\ARM_GCC_541\Debug\Cm3Start.o
                0x00000000                RomVectors
                0x00000001                ASSERT ((. != __cy_interrupt_vector), No interrupt vector)
                0x00000001                ASSERT (CY_APPL_ORIGIN?(SIZEOF (.cybootloader) <= CY_APPL_ORIGIN):0x1, Wrong image location)
                0x00000010                PROVIDE (__cy_reset, Reset)
 *(.text.Reset)
 .text.Reset    0x00000010       0x18 .\CortexM3\ARM_GCC_541\Debug\Cm3Start.o
                0x00000010                Reset
                0x00000001                ASSERT ((. != __cy_reset), No reset code)
 *(.dma_init)
                0x00000001                ASSERT ((((appl_start + .) <= 0x10000) || 0x1), DMA Init must be within the first 64k of flash)
 *(.text .text.* .gnu.linkonce.t.*)
 .text          0x00000028       0x5c c:/program files (x86)/cypress/psoc creator/4.4/psoc creator/import/gnu/arm/5.4.1/bin/../lib/gcc/arm-none-eabi/5.4.1/armv7-m/crtbegin.o
 .text.uart_task
                0x00000084       0x18 .\CortexM3\ARM_GCC_541\Debug\main.o
                0x00000084                uart_task
 .text.led_task
                0x0000009c       0x1c .\CortexM3\ARM_GCC_541\Debug\main.o
                0x0000009c                led_task
 .text.main     0x000000b8       0x4c .\CortexM3\ARM_GCC_541\Debug\main.o
                0x000000b8                main
 .text.FreeRTOS_Start
                0x00000104       0x28 .\CortexM3\ARM_GCC_541\Debug\FreeRTOS.o
                0x00000104                FreeRTOS_Start
 .text.prvTaskExitError
                0x0000012c       0x20 .\CortexM3\ARM_GCC_541\Debug\port.o
 .text.prvPortStartFirstTask
                0x0000014c       0x20 .\CortexM3\ARM_GCC_541\Debug\port.o
 .text.pxPortInitialiseStack
                0x0000016c       0x24 .\CortexM3\ARM_GCC_541\Debug\port.o
                0x0000016c                pxPortInitialiseStack
 .text.vPortSVCHandler
                0x00000190       0x24 .\CortexM3\ARM_GCC_541\Debug\port.o
                0x00000190                vPortSVCHandler
 .text.vPortEnterCritical
                0x000001b4       0x20 .\CortexM3\ARM_GCC_541\Debug\port.o
                0x000001b4                vPortEnterCritical
 .text.vPortExitCritical
                0x000001d4       0x14 .\CortexM3\ARM_GCC_541\Debug\port.o
                0x000001d4                vPortExitCritical
 *fill*         0x000001e8        0x8 
 .text.xPortPendSVHandler
                0x000001f0       0x44 .\CortexM3\ARM_GCC_541\Debug\port.o
                0x000001f0                xPortPendSVHandler
 .text.xPortSysTickHandler
                0x00000234       0x2c .\CortexM3\ARM_GCC_541\Debug\port.o
                0x00000234                xPortSysTickHandler
 .text.vPortSetupTimerInterrupt
                0x00000260       0x24 .\CortexM3\ARM_GCC_541\Debug\port.o
                0x00000260                vPortSetupTimerInterrupt
 .text.xPortStartScheduler
                0x00000284       0x38 .\CortexM3\ARM_GCC_541\Debug\port.o
                0x00000284                xPortStartScheduler
 .text.pvPortMalloc
                0x000002bc       0x60 .\CortexM3\ARM_GCC_541\Debug\heap_1.o
                0x000002bc                pvPortMalloc
 .text.vPortFree
                0x0000031c        0x4 .\CortexM3\ARM_GCC_541\Debug\heap_1.o
                0x0000031c                vPortFree
 .text.vListInitialise
                0x00000320       0x18 .\CortexM3\ARM_GCC_541\Debug\list.o
                0x00000320                vListInitialise
 .text.vListInitialiseItem
                0x00000338        0x8 .\CortexM3\ARM_GCC_541\Debug\list.o
                0x00000338                vListInitialiseItem
 .text.vListInsertEnd
                0x00000340       0x18 .\CortexM3\ARM_GCC_541\Debug\list.o
                0x00000340                vListInsertEnd
 .text.vListInsert
                0x00000358       0x34 .\CortexM3\ARM_GCC_541\Debug\list.o
                0x00000358                vListInsert
 .text.uxListRemove
                0x0000038c       0x28 .\CortexM3\ARM_GCC_541\Debug\list.o
                0x0000038c                uxListRemove
 .text.prvResetNextTaskUnblockTime
                0x000003b4       0x24 .\CortexM3\ARM_GCC_541\Debug\tasks.o
 .text.prvDeleteTCB
                0x000003d8       0x14 .\CortexM3\ARM_GCC_541\Debug\tasks.o
 .text.prvInitialiseNewTask
                0x000003ec       0x9c .\CortexM3\ARM_GCC_541\Debug\tasks.o
 .text.prvInitialiseTaskLists
                0x00000488       0x58 .\CortexM3\ARM_GCC_541\Debug\tasks.o
 .text.prvAddNewTaskToReadyList
                0x000004e0       0xac .\CortexM3\ARM_GCC_541\Debug\tasks.o
 .text.prvCheckTasksWaitingTermination
                0x0000058c       0x44 .\CortexM3\ARM_GCC_541\Debug\tasks.o
 .text.prvIdleTask
                0x000005d0        0x8 .\CortexM3\ARM_GCC_541\Debug\tasks.o
 .text.prvAddCurrentTaskToDelayedList
                0x000005d8       0x84 .\CortexM3\ARM_GCC_541\Debug\tasks.o
 .text.xTaskCreate
                0x0000065c       0x64 .\CortexM3\ARM_GCC_541\Debug\tasks.o
                0x0000065c                xTaskCreate
 .text.vTaskStartScheduler
                0x000006c0       0x58 .\CortexM3\ARM_GCC_541\Debug\tasks.o
                0x000006c0                vTaskStartScheduler
 .text.vTaskSuspendAll
                0x00000718       0x14 .\CortexM3\ARM_GCC_541\Debug\tasks.o
                0x00000718                vTaskSuspendAll
 .text.xTaskIncrementTick
                0x0000072c      0x100 .\CortexM3\ARM_GCC_541\Debug\tasks.o
                0x0000072c                xTaskIncrementTick
 .text.xTaskResumeAll
                0x0000082c       0xd8 .\CortexM3\ARM_GCC_541\Debug\tasks.o
                0x0000082c                xTaskResumeAll
 .text.vTaskDelay
                0x00000904       0x34 .\CortexM3\ARM_GCC_541\Debug\tasks.o
                0x00000904                vTaskDelay
 .text.vTaskSwitchContext
                0x00000938       0x70 .\CortexM3\ARM_GCC_541\Debug\tasks.o
                0x00000938                vTaskSwitchContext
 .text.CyClockStartupError
                0x000009a8        0x4 .\CortexM3\ARM_GCC_541\Debug\cyfitter_cfg.o
 .text.cfg_write_bytes32
                0x000009ac       0x34 .\CortexM3\ARM_GCC_541\Debug\cyfitter_cfg.o
 .text.AnalogSetDefault
                0x000009e0       0x28 .\CortexM3\ARM_GCC_541\Debug\cyfitter_cfg.o
 .text.CYMEMZERO
                0x00000a08        0xc .\CortexM3\ARM_GCC_541\Debug\cyfitter_cfg.o
 .text.ClockSetup
                0x00000a14       0xb4 .\CortexM3\ARM_GCC_541\Debug\cyfitter_cfg.o
 .text.CYCONFIGCPY
                0x00000ac8        0x8 .\CortexM3\ARM_GCC_541\Debug\cyfitter_cfg.o
 .text.cyfitter_cfg
                0x00000ad0      0x110 .\CortexM3\ARM_GCC_541\Debug\cyfitter_cfg.o
                0x00000ad0                cyfitter_cfg
 .text.IntDefaultHandler
                0x00000be0       0x10 .\CortexM3\ARM_GCC_541\Debug\Cm3Start.o
                0x00000be0                IntDefaultHandler
 .text._sbrk    0x00000bf0       0x30 .\CortexM3\ARM_GCC_541\Debug\Cm3Start.o
                0x00000bf0                _sbrk
 .text.Start_c  0x00000c20       0x4c .\CortexM3\ARM_GCC_541\Debug\Cm3Start.o
                0x00000c20                Start_c
 .text.initialize_psoc
                0x00000c6c       0x68 .\CortexM3\ARM_GCC_541\Debug\Cm3Start.o
                0x00000c6c                initialize_psoc
 .text.led_Write
                0x00000cd4       0x18 .\CortexM3\ARM_GCC_541\Debug\000Test.a(led.o)
                0x00000cd4                led_Write
 .text.led_Read
                0x00000cec       0x10 .\CortexM3\ARM_GCC_541\Debug\000Test.a(led.o)
                0x00000cec                led_Read
 .text.CyHalt   0x00000cfc        0x4 .\CortexM3\ARM_GCC_541\Debug\000Test.a(CyLib.o)
                0x00000cfc                CyHalt
 .text.CyIntSetSysVector
                0x00000d00       0x28 .\CortexM3\ARM_GCC_541\Debug\000Test.a(CyLib.o)
                0x00000d00                CyIntSetSysVector
 .text.UART_Init
                0x00000d28       0x28 .\CortexM3\ARM_GCC_541\Debug\000Test.a(UART.o)
                0x00000d28                UART_Init
 .text.UART_Enable
                0x00000d50       0x38 .\CortexM3\ARM_GCC_541\Debug\000Test.a(UART.o)
                0x00000d50                UART_Enable
 .text.UART_Start
                0x00000d88       0x1c .\CortexM3\ARM_GCC_541\Debug\000Test.a(UART.o)
                0x00000d88                UART_Start
 .text.UART_PutChar
                0x00000da4       0x18 .\CortexM3\ARM_GCC_541\Debug\000Test.a(UART.o)
                0x00000da4                UART_PutChar
 .text.UART_PutString
                0x00000dbc       0x24 .\CortexM3\ARM_GCC_541\Debug\000Test.a(UART.o)
                0x00000dbc                UART_PutString
 .text.UART_ClearTxBuffer
                0x00000de0       0x24 .\CortexM3\ARM_GCC_541\Debug\000Test.a(UART.o)
                0x00000de0                UART_ClearTxBuffer
 .text.UART_IntClock_Start
                0x00000e04       0x1c .\CortexM3\ARM_GCC_541\Debug\000Test.a(UART_IntClock.o)
                0x00000e04                UART_IntClock_Start
 .text          0x00000e20       0x20 .\CortexM3\ARM_GCC_541\Debug\000Test.a(CyBootAsmGnu.o)
                0x00000e20                CyDelayCycles
                0x00000e30                CyEnterCriticalSection
                0x00000e38                CyExitCriticalSection
 .text.__errno  0x00000e40        0xc c:/program files (x86)/cypress/psoc creator/4.4/psoc creator/import/gnu/arm/5.4.1/bin/../lib/gcc/arm-none-eabi/5.4.1/../../../../arm-none-eabi/lib/armv7-m\libg_nano.a(lib_a-errno.o)
                0x00000e40                __errno
 .text.__libc_init_array
                0x00000e4c       0x4c c:/program files (x86)/cypress/psoc creator/4.4/psoc creator/import/gnu/arm/5.4.1/bin/../lib/gcc/arm-none-eabi/5.4.1/../../../../arm-none-eabi/lib/armv7-m\libg_nano.a(lib_a-init.o)
                0x00000e4c                __libc_init_array
 .text.memcpy   0x00000e98       0x16 c:/program files (x86)/cypress/psoc creator/4.4/psoc creator/import/gnu/arm/5.4.1/bin/../lib/gcc/arm-none-eabi/5.4.1/../../../../arm-none-eabi/lib/armv7-m\libg_nano.a(lib_a-memcpy-stub.o)
                0x00000e98                memcpy
 .text.memset   0x00000eae       0x10 c:/program files (x86)/cypress/psoc creator/4.4/psoc creator/import/gnu/arm/5.4.1/bin/../lib/gcc/arm-none-eabi/5.4.1/../../../../arm-none-eabi/lib/armv7-m\libg_nano.a(lib_a-memset.o)
                0x00000eae                memset
 .text.__cvt    0x00000ebe       0xc0 c:/program files (x86)/cypress/psoc creator/4.4/psoc creator/import/gnu/arm/5.4.1/bin/../lib/gcc/arm-none-eabi/5.4.1/../../../../arm-none-eabi/lib/armv7-m\libg_nano.a(lib_a-nano-vfprintf_float.o)
                0x00000ebe                __cvt
 .text.__exponent
                0x00000f7e       0x62 c:/program files (x86)/cypress/psoc creator/4.4/psoc creator/import/gnu/arm/5.4.1/bin/../lib/gcc/arm-none-eabi/5.4.1/../../../../arm-none-eabi/lib/armv7-m\libg_nano.a(lib_a-nano-vfprintf_float.o)
                0x00000f7e                __exponent
 .text._printf_float
                0x00000fe0      0x488 c:/program files (x86)/cypress/psoc creator/4.4/psoc creator/import/gnu/arm/5.4.1/bin/../lib/gcc/arm-none-eabi/5.4.1/../../../../arm-none-eabi/lib/armv7-m\libg_nano.a(lib_a-nano-vfprintf_float.o)
                0x00000fe0                _printf_float
 .text._printf_common
                0x00001468       0xec c:/program files (x86)/cypress/psoc creator/4.4/psoc creator/import/gnu/arm/5.4.1/bin/../lib/gcc/arm-none-eabi/5.4.1/../../../../arm-none-eabi/lib/armv7-m\libg_nano.a(lib_a-nano-vfprintf_i.o)
                0x00001468                _printf_common
 .text          0x00001554       0x10 c:/program files (x86)/cypress/psoc creator/4.4/psoc creator/import/gnu/arm/5.4.1/bin/../lib/gcc/arm-none-eabi/5.4.1/../../../../arm-none-eabi/lib/armv7-m\libg_nano.a(lib_a-strlen.o)
                0x00001554                strlen
 .text.quorem   0x00001564      0x116 c:/program files (x86)/cypress/psoc creator/4.4/psoc creator/import/gnu/arm/5.4.1/bin/../lib/gcc/arm-none-eabi/5.4.1/../../../../arm-none-eabi/lib/armv7-m\libg_nano.a(lib_a-dtoa.o)
 *fill*         0x0000167a        0x6 
 .text._dtoa_r  0x00001680      0xb30 c:/program files (x86)/cypress/psoc creator/4.4/psoc creator/import/gnu/arm/5.4.1/bin/../lib/gcc/arm-none-eabi/5.4.1/../../../../arm-none-eabi/lib/armv7-m\libg_nano.a(lib_a-dtoa.o)
                0x00001680                _dtoa_r
 .text._localeconv_r
                0x000021b0        0x8 c:/program files (x86)/cypress/psoc creator/4.4/psoc creator/import/gnu/arm/5.4.1/bin/../lib/gcc/arm-none-eabi/5.4.1/../../../../arm-none-eabi/lib/armv7-m\libg_nano.a(lib_a-locale.o)
                0x000021b0                _localeconv_r
 .text.malloc   0x000021b8       0x10 c:/program files (x86)/cypress/psoc creator/4.4/psoc creator/import/gnu/arm/5.4.1/bin/../lib/gcc/arm-none-eabi/5.4.1/../../../../arm-none-eabi/lib/armv7-m\libg_nano.a(lib_a-malloc.o)
                0x000021b8                malloc
 .text._Balloc  0x000021c8       0x6a c:/program files (x86)/cypress/psoc creator/4.4/psoc creator/import/gnu/arm/5.4.1/bin/../lib/gcc/arm-none-eabi/5.4.1/../../../../arm-none-eabi/lib/armv7-m\libg_nano.a(lib_a-mprec.o)
                0x000021c8                _Balloc
 .text._Bfree   0x00002232       0x2e c:/program files (x86)/cypress/psoc creator/4.4/psoc creator/import/gnu/arm/5.4.1/bin/../lib/gcc/arm-none-eabi/5.4.1/../../../../arm-none-eabi/lib/armv7-m\libg_nano.a(lib_a-mprec.o)
                0x00002232                _Bfree
 .text.__multadd
                0x00002260       0x76 c:/program files (x86)/cypress/psoc creator/4.4/psoc creator/import/gnu/arm/5.4.1/bin/../lib/gcc/arm-none-eabi/5.4.1/../../../../arm-none-eabi/lib/armv7-m\libg_nano.a(lib_a-mprec.o)
                0x00002260                __multadd
 .text.__hi0bits
                0x000022d6       0x40 c:/program files (x86)/cypress/psoc creator/4.4/psoc creator/import/gnu/arm/5.4.1/bin/../lib/gcc/arm-none-eabi/5.4.1/../../../../arm-none-eabi/lib/armv7-m\libg_nano.a(lib_a-mprec.o)
                0x000022d6                __hi0bits
 .text.__lo0bits
                0x00002316       0x5a c:/program files (x86)/cypress/psoc creator/4.4/psoc creator/import/gnu/arm/5.4.1/bin/../lib/gcc/arm-none-eabi/5.4.1/../../../../arm-none-eabi/lib/armv7-m\libg_nano.a(lib_a-mprec.o)
                0x00002316                __lo0bits
 .text.__i2b    0x00002370       0x12 c:/program files (x86)/cypress/psoc creator/4.4/psoc creator/import/gnu/arm/5.4.1/bin/../lib/gcc/arm-none-eabi/5.4.1/../../../../arm-none-eabi/lib/armv7-m\libg_nano.a(lib_a-mprec.o)
                0x00002370                __i2b
 .text.__multiply
                0x00002382      0x120 c:/program files (x86)/cypress/psoc creator/4.4/psoc creator/import/gnu/arm/5.4.1/bin/../lib/gcc/arm-none-eabi/5.4.1/../../../../arm-none-eabi/lib/armv7-m\libg_nano.a(lib_a-mprec.o)
                0x00002382                __multiply
 *fill*         0x000024a2        0x2 
 .text.__pow5mult
                0x000024a4       0x9c c:/program files (x86)/cypress/psoc creator/4.4/psoc creator/import/gnu/arm/5.4.1/bin/../lib/gcc/arm-none-eabi/5.4.1/../../../../arm-none-eabi/lib/armv7-m\libg_nano.a(lib_a-mprec.o)
                0x000024a4                __pow5mult
 .text.__lshift
                0x00002540       0xa2 c:/program files (x86)/cypress/psoc creator/4.4/psoc creator/import/gnu/arm/5.4.1/bin/../lib/gcc/arm-none-eabi/5.4.1/../../../../arm-none-eabi/lib/armv7-m\libg_nano.a(lib_a-mprec.o)
                0x00002540                __lshift
 .text.__mcmp   0x000025e2       0x38 c:/program files (x86)/cypress/psoc creator/4.4/psoc creator/import/gnu/arm/5.4.1/bin/../lib/gcc/arm-none-eabi/5.4.1/../../../../arm-none-eabi/lib/armv7-m\libg_nano.a(lib_a-mprec.o)
                0x000025e2                __mcmp
 .text.__mdiff  0x0000261a       0xbe c:/program files (x86)/cypress/psoc creator/4.4/psoc creator/import/gnu/arm/5.4.1/bin/../lib/gcc/arm-none-eabi/5.4.1/../../../../arm-none-eabi/lib/armv7-m\libg_nano.a(lib_a-mprec.o)
                0x0000261a                __mdiff
 .text.__d2b    0x000026d8       0x9c c:/program files (x86)/cypress/psoc creator/4.4/psoc creator/import/gnu/arm/5.4.1/bin/../lib/gcc/arm-none-eabi/5.4.1/../../../../arm-none-eabi/lib/armv7-m\libg_nano.a(lib_a-mprec.o)
                0x000026d8                __d2b
 .text._calloc_r
                0x00002774       0x1c c:/program files (x86)/cypress/psoc creator/4.4/psoc creator/import/gnu/arm/5.4.1/bin/../lib/gcc/arm-none-eabi/5.4.1/../../../../arm-none-eabi/lib/armv7-m\libg_nano.a(lib_a-nano-callocr.o)
                0x00002774                _calloc_r
 .text._malloc_r
                0x00002790       0xbc c:/program files (x86)/cypress/psoc creator/4.4/psoc creator/import/gnu/arm/5.4.1/bin/../lib/gcc/arm-none-eabi/5.4.1/../../../../arm-none-eabi/lib/armv7-m\libg_nano.a(lib_a-nano-mallocr.o)
                0x00002790                _malloc_r
 .text._sbrk_r  0x0000284c       0x20 c:/program files (x86)/cypress/psoc creator/4.4/psoc creator/import/gnu/arm/5.4.1/bin/../lib/gcc/arm-none-eabi/5.4.1/../../../../arm-none-eabi/lib/armv7-m\libg_nano.a(lib_a-sbrkr.o)
                0x0000284c                _sbrk_r
 .text.__malloc_lock
                0x0000286c        0x2 c:/program files (x86)/cypress/psoc creator/4.4/psoc creator/import/gnu/arm/5.4.1/bin/../lib/gcc/arm-none-eabi/5.4.1/../../../../arm-none-eabi/lib/armv7-m\libg_nano.a(lib_a-mlock.o)
                0x0000286c                __malloc_lock
 .text.__malloc_unlock
                0x0000286e        0x2 c:/program files (x86)/cypress/psoc creator/4.4/psoc creator/import/gnu/arm/5.4.1/bin/../lib/gcc/arm-none-eabi/5.4.1/../../../../arm-none-eabi/lib/armv7-m\libg_nano.a(lib_a-mlock.o)
                0x0000286e                __malloc_unlock
 .text          0x00002870      0x370 c:/program files (x86)/cypress/psoc creator/4.4/psoc creator/import/gnu/arm/5.4.1/bin/../lib/gcc/arm-none-eabi/5.4.1/armv7-m\libgcc.a(_arm_addsubdf3.o)
                0x00002870                __aeabi_drsub
                0x00002878                __aeabi_dsub
                0x00002878                __subdf3
                0x0000287c                __aeabi_dadd
                0x0000287c                __adddf3
                0x00002af4                __floatunsidf
                0x00002af4                __aeabi_ui2d
                0x00002b14                __floatsidf
                0x00002b14                __aeabi_i2d
                0x00002b38                __aeabi_f2d
                0x00002b38                __extendsfdf2
                0x00002b74                __floatundidf
                0x00002b74                __aeabi_ul2d
                0x00002b84                __floatdidf
                0x00002b84                __aeabi_l2d
 .text          0x00002be0      0x424 c:/program files (x86)/cypress/psoc creator/4.4/psoc creator/import/gnu/arm/5.4.1/bin/../lib/gcc/arm-none-eabi/5.4.1/armv7-m\libgcc.a(_arm_muldivdf3.o)
                0x00002be0                __aeabi_dmul
                0x00002be0                __muldf3
                0x00002e34                __divdf3
                0x00002e34                __aeabi_ddiv
 .text          0x00003004      0x110 c:/program files (x86)/cypress/psoc creator/4.4/psoc creator/import/gnu/arm/5.4.1/bin/../lib/gcc/arm-none-eabi/5.4.1/armv7-m\libgcc.a(_arm_cmpdf2.o)
                0x00003004                __gtdf2
                0x00003004                __gedf2
                0x0000300c                __ltdf2
                0x0000300c                __ledf2
                0x00003014                __nedf2
                0x00003014                __eqdf2
                0x00003014                __cmpdf2
                0x00003090                __aeabi_cdrcmple
                0x000030a0                __aeabi_cdcmpeq
                0x000030a0                __aeabi_cdcmple
                0x000030b0                __aeabi_dcmpeq
                0x000030c4                __aeabi_dcmplt
                0x000030d8                __aeabi_dcmple
                0x000030ec                __aeabi_dcmpge
                0x00003100                __aeabi_dcmpgt
 .text          0x00003114       0x2c c:/program files (x86)/cypress/psoc creator/4.4/psoc creator/import/gnu/arm/5.4.1/bin/../lib/gcc/arm-none-eabi/5.4.1/armv7-m\libgcc.a(_arm_unorddf2.o)
                0x00003114                __unorddf2
                0x00003114                __aeabi_dcmpun
 .text          0x00003140       0x50 c:/program files (x86)/cypress/psoc creator/4.4/psoc creator/import/gnu/arm/5.4.1/bin/../lib/gcc/arm-none-eabi/5.4.1/armv7-m\libgcc.a(_arm_fixdfsi.o)
                0x00003140                __aeabi_d2iz
                0x00003140                __fixdfsi
 *(.plt)
 *(.gnu.warning)
 *(.glue_7t)
 .glue_7t       0x00003190        0x0 linker stubs
 *(.glue_7)
 .glue_7        0x00003190        0x0 linker stubs
 *(.vfp11_veneer)
 .vfp11_veneer  0x00003190        0x0 linker stubs
 *(.bootloader)
 *(.ARM.extab* .gnu.linkonce.armextab.*)
 *(.gcc_except_table)

.v4_bx          0x00003190        0x0
 .v4_bx         0x00003190        0x0 linker stubs

.iplt           0x00003190        0x0
 .iplt          0x00003190        0x0 c:/program files (x86)/cypress/psoc creator/4.4/psoc creator/import/gnu/arm/5.4.1/bin/../lib/gcc/arm-none-eabi/5.4.1/armv7-m/crtbegin.o

.eh_frame_hdr
 *(.eh_frame_hdr)

.eh_frame       0x00003190        0x4
 *(.eh_frame)
 .eh_frame      0x00003190        0x0 c:/program files (x86)/cypress/psoc creator/4.4/psoc creator/import/gnu/arm/5.4.1/bin/../lib/gcc/arm-none-eabi/5.4.1/armv7-m/crtbegin.o
 .eh_frame      0x00003190        0x4 c:/program files (x86)/cypress/psoc creator/4.4/psoc creator/import/gnu/arm/5.4.1/bin/../lib/gcc/arm-none-eabi/5.4.1/armv7-m/crtend.o
                [!provide]                PROVIDE (__exidx_start, .)

.ARM.exidx
 *(.ARM.exidx* .gnu.linkonce.armexidx.*)
                0x00003194                __exidx_end = .

.rodata         0x00003198      0x1d0
 *(.rodata .rodata.* .gnu.linkonce.r.*)
 .rodata.str1.4
                0x00003198       0x22 .\CortexM3\ARM_GCC_541\Debug\main.o
 *fill*         0x000031ba        0x2 
 .rodata.str1.4
                0x000031bc        0x8 .\CortexM3\ARM_GCC_541\Debug\tasks.o
                                  0x5 (size before relaxing)
 .rodata        0x000031c4       0x42 .\CortexM3\ARM_GCC_541\Debug\cyfitter_cfg.o
 .rodata.str1.1
                0x00003206        0x2 c:/program files (x86)/cypress/psoc creator/4.4/psoc creator/import/gnu/arm/5.4.1/bin/../lib/gcc/arm-none-eabi/5.4.1/../../../../arm-none-eabi/lib/armv7-m\libg_nano.a(lib_a-impure.o)
 .rodata.str1.1
                0x00003208       0x12 c:/program files (x86)/cypress/psoc creator/4.4/psoc creator/import/gnu/arm/5.4.1/bin/../lib/gcc/arm-none-eabi/5.4.1/../../../../arm-none-eabi/lib/armv7-m\libg_nano.a(lib_a-nano-vfprintf_float.o)
 .rodata.str1.1
                0x0000321a        0xd c:/program files (x86)/cypress/psoc creator/4.4/psoc creator/import/gnu/arm/5.4.1/bin/../lib/gcc/arm-none-eabi/5.4.1/../../../../arm-none-eabi/lib/armv7-m\libg_nano.a(lib_a-dtoa.o)
                                  0xf (size before relaxing)
 .rodata.str1.1
                0x00003227        0x8 c:/program files (x86)/cypress/psoc creator/4.4/psoc creator/import/gnu/arm/5.4.1/bin/../lib/gcc/arm-none-eabi/5.4.1/../../../../arm-none-eabi/lib/armv7-m\libg_nano.a(lib_a-locale.o)
                                  0xb (size before relaxing)
 *fill*         0x0000322f        0x1 
 .rodata.__mprec_tens
                0x00003230       0xc8 c:/program files (x86)/cypress/psoc creator/4.4/psoc creator/import/gnu/arm/5.4.1/bin/../lib/gcc/arm-none-eabi/5.4.1/../../../../arm-none-eabi/lib/armv7-m\libg_nano.a(lib_a-mprec.o)
                0x00003230                __mprec_tens
 .rodata.p05.5408
                0x000032f8        0xc c:/program files (x86)/cypress/psoc creator/4.4/psoc creator/import/gnu/arm/5.4.1/bin/../lib/gcc/arm-none-eabi/5.4.1/../../../../arm-none-eabi/lib/armv7-m\libg_nano.a(lib_a-mprec.o)
 *fill*         0x00003304        0x4 
 .rodata.__mprec_bigtens
                0x00003308       0x28 c:/program files (x86)/cypress/psoc creator/4.4/psoc creator/import/gnu/arm/5.4.1/bin/../lib/gcc/arm-none-eabi/5.4.1/../../../../arm-none-eabi/lib/armv7-m\libg_nano.a(lib_a-mprec.o)
                0x00003308                __mprec_bigtens
                0x00003330                . = ALIGN (0x4)
 *(.init)
 .init          0x00003330        0x4 c:/program files (x86)/cypress/psoc creator/4.4/psoc creator/import/gnu/arm/5.4.1/bin/../lib/gcc/arm-none-eabi/5.4.1/armv7-m/crti.o
                0x00003330                _init
 .init          0x00003334        0x8 c:/program files (x86)/cypress/psoc creator/4.4/psoc creator/import/gnu/arm/5.4.1/bin/../lib/gcc/arm-none-eabi/5.4.1/armv7-m/crtn.o
                0x0000333c                . = ALIGN (0x4)
                0x0000333c                __preinit_array_start = .
 *(.preinit_array)
                0x0000333c                __preinit_array_end = .
                0x0000333c                . = ALIGN (0x4)
                0x0000333c                __init_array_start = .
 *(SORT(.init_array.*))
 *(.init_array)
 .init_array    0x0000333c        0x4 c:/program files (x86)/cypress/psoc creator/4.4/psoc creator/import/gnu/arm/5.4.1/bin/../lib/gcc/arm-none-eabi/5.4.1/armv7-m/crtbegin.o
 .init_array    0x00003340        0x4 .\CortexM3\ARM_GCC_541\Debug\Cm3Start.o
                0x00003344                __init_array_end = .
                0x00003344                . = ALIGN (0x4)
 *(.fini)
 .fini          0x00003344        0x4 c:/program files (x86)/cypress/psoc creator/4.4/psoc creator/import/gnu/arm/5.4.1/bin/../lib/gcc/arm-none-eabi/5.4.1/armv7-m/crti.o
                0x00003344                _fini
 .fini          0x00003348        0x8 c:/program files (x86)/cypress/psoc creator/4.4/psoc creator/import/gnu/arm/5.4.1/bin/../lib/gcc/arm-none-eabi/5.4.1/armv7-m/crtn.o
                0x00003350                . = ALIGN (0x4)
                0x00003350                __fini_array_start = .
 *(.fini_array)
 .fini_array    0x00003350        0x4 c:/program files (x86)/cypress/psoc creator/4.4/psoc creator/import/gnu/arm/5.4.1/bin/../lib/gcc/arm-none-eabi/5.4.1/armv7-m/crtbegin.o
 *(SORT(.fini_array.*))
                0x00003354                __fini_array_end = .
                0x00003354                . = ALIGN (0x4)
 *crtbegin.o(.ctors)
 *(EXCLUDE_FILE(*crtend.o) .ctors)
 *(SORT(.ctors.*))
 *crtend.o(.ctors)
                0x00003354                . = ALIGN (0x4)
 *crtbegin.o(.dtors)
 *(EXCLUDE_FILE(*crtend.o) .dtors)
 *(SORT(.dtors.*))
 *crtend.o(.dtors)
                0x00003354                . = ALIGN (0x4)
                0x00003354                __cy_regions = .
                0x00003354        0x4 LONG 0x3368 __cy_region_init_ram
                0x00003358        0x4 LONG 0x1fff80c8 __cy_region_start_data
                0x0000335c        0x4 LONG 0xa8 __cy_region_init_size_ram
                0x00003360        0x4 LONG 0x8150 __cy_region_zero_size_ram
                0x00003364                __cy_regions_end = .
                0x00003368                . = ALIGN (0x8)
 *fill*         0x00003364        0x4 
                0x00003368                _etext = .

.cy_checksum_exclude
                0x00003368        0x0
 *(.cy_checksum_exclude)

.ramvectors     0x1fff8000       0xc0
                0x1fff8000                __cy_region_start_ram = .
 *(.ramvectors)
 .ramvectors    0x1fff8000       0xc0 .\CortexM3\ARM_GCC_541\Debug\Cm3Start.o
                0x1fff8000                CyRamVectors

.noinit         0x1fff80c0        0x1
 *(.noinit)
 .noinit        0x1fff80c0        0x1 .\CortexM3\ARM_GCC_541\Debug\000Test.a(CyLib.o)
                0x1fff80c0                CyResetStatus

.data           0x1fff80c8       0xa8 load address 0x00003368
                0x1fff80c8                __cy_region_start_data = .
 *(.jcr)
 .jcr           0x1fff80c8        0x0 c:/program files (x86)/cypress/psoc creator/4.4/psoc creator/import/gnu/arm/5.4.1/bin/../lib/gcc/arm-none-eabi/5.4.1/armv7-m/crtbegin.o
 .jcr           0x1fff80c8        0x4 c:/program files (x86)/cypress/psoc creator/4.4/psoc creator/import/gnu/arm/5.4.1/bin/../lib/gcc/arm-none-eabi/5.4.1/armv7-m/crtend.o
 *(.got.plt)
 *(.got)
 *(.shdata)
 *(.data .data.* .gnu.linkonce.d.*)
 .data          0x1fff80cc        0x4 .\CortexM3\ARM_GCC_541\Debug\port.o
 .data          0x1fff80d0        0x4 .\CortexM3\ARM_GCC_541\Debug\Cm3Start.o
 .data.impure_data
                0x1fff80d4       0x60 c:/program files (x86)/cypress/psoc creator/4.4/psoc creator/import/gnu/arm/5.4.1/bin/../lib/gcc/arm-none-eabi/5.4.1/../../../../arm-none-eabi/lib/armv7-m\libg_nano.a(lib_a-impure.o)
 .data._impure_ptr
                0x1fff8134        0x4 c:/program files (x86)/cypress/psoc creator/4.4/psoc creator/import/gnu/arm/5.4.1/bin/../lib/gcc/arm-none-eabi/5.4.1/../../../../arm-none-eabi/lib/armv7-m\libg_nano.a(lib_a-impure.o)
                0x1fff8134                _impure_ptr
 .data.lconv    0x1fff8138       0x38 c:/program files (x86)/cypress/psoc creator/4.4/psoc creator/import/gnu/arm/5.4.1/bin/../lib/gcc/arm-none-eabi/5.4.1/../../../../arm-none-eabi/lib/armv7-m\libg_nano.a(lib_a-locale.o)
                0x1fff8170                . = ALIGN (0x8)
 *(.ram)
                0x1fff8170                _edata = .

.igot.plt       0x1fff8170        0x0 load address 0x00003410
 .igot.plt      0x1fff8170        0x0 c:/program files (x86)/cypress/psoc creator/4.4/psoc creator/import/gnu/arm/5.4.1/bin/../lib/gcc/arm-none-eabi/5.4.1/armv7-m/crtbegin.o

.bss            0x1fff8170     0x8150 load address 0x00003410
                0x1fff8170                PROVIDE (__bss_start__, .)
 *(.shbss)
 *(.bss .bss.* .gnu.linkonce.b.*)
 .bss           0x1fff8170       0x1c c:/program files (x86)/cypress/psoc creator/4.4/psoc creator/import/gnu/arm/5.4.1/bin/../lib/gcc/arm-none-eabi/5.4.1/armv7-m/crtbegin.o
 .bss           0x1fff818c     0x8008 .\CortexM3\ARM_GCC_541\Debug\heap_1.o
 .bss           0x20000194      0x118 .\CortexM3\ARM_GCC_541\Debug\tasks.o
                0x20000280                pxCurrentTCB
 .bss           0x200002ac        0x2 .\CortexM3\ARM_GCC_541\Debug\000Test.a(UART.o)
                0x200002ac                UART_initVar
 *fill*         0x200002ae        0x2 
 .bss.__malloc_sbrk_start
                0x200002b0        0x4 c:/program files (x86)/cypress/psoc creator/4.4/psoc creator/import/gnu/arm/5.4.1/bin/../lib/gcc/arm-none-eabi/5.4.1/../../../../arm-none-eabi/lib/armv7-m\libg_nano.a(lib_a-nano-mallocr.o)
                0x200002b0                __malloc_sbrk_start
 .bss.__malloc_free_list
                0x200002b4        0x4 c:/program files (x86)/cypress/psoc creator/4.4/psoc creator/import/gnu/arm/5.4.1/bin/../lib/gcc/arm-none-eabi/5.4.1/../../../../arm-none-eabi/lib/armv7-m\libg_nano.a(lib_a-nano-mallocr.o)
                0x200002b4                __malloc_free_list
 *(COMMON)
 COMMON         0x200002b8        0x4 c:/program files (x86)/cypress/psoc creator/4.4/psoc creator/import/gnu/arm/5.4.1/bin/../lib/gcc/arm-none-eabi/5.4.1/../../../../arm-none-eabi/lib/armv7-m\libg_nano.a(lib_a-reent.o)
                0x200002b8                errno
                0x200002c0                . = ALIGN (0x8)
 *fill*         0x200002bc        0x4 
 *(.ram.b)
                0x200002c0                _end = .
                0x200002c0                __end = .
                0x200002c0                PROVIDE (end, .)
                0x200002c0                PROVIDE (__bss_end__, .)
                0x00003368                __cy_region_init_ram = LOADADDR (.data)
                0x000000a8                __cy_region_init_size_ram = (_edata - ADDR (.data))
                0x00008150                __cy_region_zero_size_ram = (_end - _edata)

.heap           0x200002c0     0x1000 load address 0x00003410
                0x200002c0                . = _end
                0x200012c0                . = (. + 0x1000)
 *fill*         0x200002c0     0x1000 
                0x200012c0                __cy_heap_limit = .

.stack          0x20007000     0x1000
                0x20007000                __cy_stack_limit = .
                0x20008000                . = (. + 0x1000)
 *fill*         0x20007000     0x1000 
                0x00000001                ASSERT ((__cy_stack_limit >= __cy_heap_limit), region RAM overflowed with stack)
                0x00000000                cy_checksum_exclude_size = (CY_APPL_LOADABLE == 0x1)?SIZEOF (.cy_checksum_exclude):0x0
                0x00000001                ASSERT ((cy_checksum_exclude_size <= CY_CHECKSUM_EXCLUDE_SIZE), CY_BOOT: Section .cy_checksum_exclude size exceedes specified limit.)

.cyloadermeta
 *(.cyloadermeta)

.cyloadablemeta
 *(.cyloadablemeta)

.cyconfigecc    0x80000000      0x2ec
 *(.cyconfigecc)
 .cyconfigecc   0x80000000      0x2ec .\CortexM3\ARM_GCC_541\Debug\cymetadata.o
                0x80000000                cy_meta_configecc

.cycustnvl      0x90000000        0x4
 *(.cycustnvl)
 .cycustnvl     0x90000000        0x4 .\CortexM3\ARM_GCC_541\Debug\cymetadata.o
                0x90000000                cy_meta_custnvl

.cywolatch      0x90100000        0x4
 *(.cywolatch)
 .cywolatch     0x90100000        0x4 .\CortexM3\ARM_GCC_541\Debug\cymetadata.o
                0x90100000                cy_meta_wonvl

.cyeeprom       0x90200000        0x0
 *(.cyeeprom)
                0x00000001                ASSERT ((. <= ((0x90200000 + ee_offset) + ee_size)), .cyeeprom data will not fit in EEPROM)

.cyflashprotect
                0x90400000      0x100
 *(.cyflashprotect)
 .cyflashprotect
                0x90400000      0x100 .\CortexM3\ARM_GCC_541\Debug\cymetadata.o
                0x90400000                cy_meta_flashprotect

.cymeta         0x90500000        0xc
 *(.cymeta)
 .cymeta        0x90500000        0xc .\CortexM3\ARM_GCC_541\Debug\cymetadata.o
                0x90500000                cy_metadata

.rel.dyn        0x00003410        0x0 load address 0x9050000c
 .rel.iplt      0x00003410        0x0 c:/program files (x86)/cypress/psoc creator/4.4/psoc creator/import/gnu/arm/5.4.1/bin/../lib/gcc/arm-none-eabi/5.4.1/armv7-m/crtbegin.o

.stab
 *(.stab)

.stabstr
 *(.stabstr)

.debug
 *(.debug)

.line
 *(.line)

.debug_srcinfo
 *(.debug_srcinfo)

.debug_sfnames
 *(.debug_sfnames)

.debug_aranges  0x00000000      0xc08
 *(.debug_aranges)
 .debug_aranges
                0x00000000       0x30 .\CortexM3\ARM_GCC_541\Debug\main.o
 .debug_aranges
                0x00000030       0x20 .\CortexM3\ARM_GCC_541\Debug\FreeRTOS.o
 .debug_aranges
                0x00000050       0x70 .\CortexM3\ARM_GCC_541\Debug\port.o
 .debug_aranges
                0x000000c0       0x38 .\CortexM3\ARM_GCC_541\Debug\heap_1.o
 .debug_aranges
                0x000000f8       0x18 .\CortexM3\ARM_GCC_541\Debug\croutine.o
 .debug_aranges
                0x00000110       0x68 .\CortexM3\ARM_GCC_541\Debug\event_groups.o
 .debug_aranges
                0x00000178       0x40 .\CortexM3\ARM_GCC_541\Debug\list.o
 .debug_aranges
                0x000001b8      0x110 .\CortexM3\ARM_GCC_541\Debug\queue.o
 .debug_aranges
                0x000002c8       0xc0 .\CortexM3\ARM_GCC_541\Debug\stream_buffer.o
 .debug_aranges
                0x00000388      0x1b8 .\CortexM3\ARM_GCC_541\Debug\tasks.o
 .debug_aranges
                0x00000540       0x18 .\CortexM3\ARM_GCC_541\Debug\timers.o
 .debug_aranges
                0x00000558       0x58 .\CortexM3\ARM_GCC_541\Debug\cyfitter_cfg.o
 .debug_aranges
                0x000005b0       0x18 .\CortexM3\ARM_GCC_541\Debug\cymetadata.o
 .debug_aranges
                0x000005c8       0x48 .\CortexM3\ARM_GCC_541\Debug\Cm3Start.o
 .debug_aranges
                0x00000610       0x38 .\CortexM3\ARM_GCC_541\Debug\000Test.a(led.o)
 .debug_aranges
                0x00000648      0x2a0 .\CortexM3\ARM_GCC_541\Debug\000Test.a(CyLib.o)
 .debug_aranges
                0x000008e8       0x98 .\CortexM3\ARM_GCC_541\Debug\000Test.a(cyPm.o)
 .debug_aranges
                0x00000980       0xf0 .\CortexM3\ARM_GCC_541\Debug\000Test.a(UART.o)
 .debug_aranges
                0x00000a70       0x70 .\CortexM3\ARM_GCC_541\Debug\000Test.a(UART_IntClock.o)
 .debug_aranges
                0x00000ae0       0x20 .\CortexM3\ARM_GCC_541\Debug\000Test.a(CyBootAsmGnu.o)
 .debug_aranges
                0x00000b00       0x88 .\CortexM3\ARM_GCC_541\Debug\000Test.a(CyFlash.o)
 .debug_aranges
                0x00000b88       0x80 .\CortexM3\ARM_GCC_541\Debug\000Test.a(CySpc.o)

.debug_pubnames
 *(.debug_pubnames)

.debug_info     0x00000000     0xa02f
 *(.debug_info .gnu.linkonce.wi.*)
 .debug_info    0x00000000      0x265 .\CortexM3\ARM_GCC_541\Debug\main.o
 .debug_info    0x00000265      0x166 .\CortexM3\ARM_GCC_541\Debug\FreeRTOS.o
 .debug_info    0x000003cb      0x363 .\CortexM3\ARM_GCC_541\Debug\port.o
 .debug_info    0x0000072e      0x1e3 .\CortexM3\ARM_GCC_541\Debug\heap_1.o
 .debug_info    0x00000911       0xae .\CortexM3\ARM_GCC_541\Debug\croutine.o
 .debug_info    0x000009bf      0x926 .\CortexM3\ARM_GCC_541\Debug\event_groups.o
 .debug_info    0x000012e5      0x2e5 .\CortexM3\ARM_GCC_541\Debug\list.o
 .debug_info    0x000015ca     0x1958 .\CortexM3\ARM_GCC_541\Debug\queue.o
 .debug_info    0x00002f22     0x1274 .\CortexM3\ARM_GCC_541\Debug\stream_buffer.o
 .debug_info    0x00004196     0x1ff2 .\CortexM3\ARM_GCC_541\Debug\tasks.o
 .debug_info    0x00006188       0xae .\CortexM3\ARM_GCC_541\Debug\timers.o
 .debug_info    0x00006236      0x595 .\CortexM3\ARM_GCC_541\Debug\cyfitter_cfg.o
 .debug_info    0x000067cb      0x135 .\CortexM3\ARM_GCC_541\Debug\cymetadata.o
 .debug_info    0x00006900      0x3bb .\CortexM3\ARM_GCC_541\Debug\Cm3Start.o
 .debug_info    0x00006cbb      0x11f .\CortexM3\ARM_GCC_541\Debug\000Test.a(led.o)
 .debug_info    0x00006dda     0x1374 .\CortexM3\ARM_GCC_541\Debug\000Test.a(CyLib.o)
 .debug_info    0x0000814e      0xa2a .\CortexM3\ARM_GCC_541\Debug\000Test.a(cyPm.o)
 .debug_info    0x00008b78      0x60c .\CortexM3\ARM_GCC_541\Debug\000Test.a(UART.o)
 .debug_info    0x00009184      0x283 .\CortexM3\ARM_GCC_541\Debug\000Test.a(UART_IntClock.o)
 .debug_info    0x00009407       0x8b .\CortexM3\ARM_GCC_541\Debug\000Test.a(CyBootAsmGnu.o)
 .debug_info    0x00009492      0x64d .\CortexM3\ARM_GCC_541\Debug\000Test.a(CyFlash.o)
 .debug_info    0x00009adf      0x550 .\CortexM3\ARM_GCC_541\Debug\000Test.a(CySpc.o)

.debug_abbrev   0x00000000     0x1f9a
 *(.debug_abbrev)
 .debug_abbrev  0x00000000       0xf2 .\CortexM3\ARM_GCC_541\Debug\main.o
 .debug_abbrev  0x000000f2       0xd3 .\CortexM3\ARM_GCC_541\Debug\FreeRTOS.o
 .debug_abbrev  0x000001c5      0x1db .\CortexM3\ARM_GCC_541\Debug\port.o
 .debug_abbrev  0x000003a0      0x131 .\CortexM3\ARM_GCC_541\Debug\heap_1.o
 .debug_abbrev  0x000004d1       0x4b .\CortexM3\ARM_GCC_541\Debug\croutine.o
 .debug_abbrev  0x0000051c      0x226 .\CortexM3\ARM_GCC_541\Debug\event_groups.o
 .debug_abbrev  0x00000742       0xf6 .\CortexM3\ARM_GCC_541\Debug\list.o
 .debug_abbrev  0x00000838      0x2c8 .\CortexM3\ARM_GCC_541\Debug\queue.o
 .debug_abbrev  0x00000b00      0x275 .\CortexM3\ARM_GCC_541\Debug\stream_buffer.o
 .debug_abbrev  0x00000d75      0x2f3 .\CortexM3\ARM_GCC_541\Debug\tasks.o
 .debug_abbrev  0x00001068       0x4b .\CortexM3\ARM_GCC_541\Debug\timers.o
 .debug_abbrev  0x000010b3      0x20d .\CortexM3\ARM_GCC_541\Debug\cyfitter_cfg.o
 .debug_abbrev  0x000012c0       0x66 .\CortexM3\ARM_GCC_541\Debug\cymetadata.o
 .debug_abbrev  0x00001326      0x1e8 .\CortexM3\ARM_GCC_541\Debug\Cm3Start.o
 .debug_abbrev  0x0000150e       0x90 .\CortexM3\ARM_GCC_541\Debug\000Test.a(led.o)
 .debug_abbrev  0x0000159e      0x254 .\CortexM3\ARM_GCC_541\Debug\000Test.a(CyLib.o)
 .debug_abbrev  0x000017f2      0x1ab .\CortexM3\ARM_GCC_541\Debug\000Test.a(cyPm.o)
 .debug_abbrev  0x0000199d      0x175 .\CortexM3\ARM_GCC_541\Debug\000Test.a(UART.o)
 .debug_abbrev  0x00001b12      0x139 .\CortexM3\ARM_GCC_541\Debug\000Test.a(UART_IntClock.o)
 .debug_abbrev  0x00001c4b       0x14 .\CortexM3\ARM_GCC_541\Debug\000Test.a(CyBootAsmGnu.o)
 .debug_abbrev  0x00001c5f      0x1a7 .\CortexM3\ARM_GCC_541\Debug\000Test.a(CyFlash.o)
 .debug_abbrev  0x00001e06      0x194 .\CortexM3\ARM_GCC_541\Debug\000Test.a(CySpc.o)

.debug_line     0x00000000     0x4216
 *(.debug_line)
 .debug_line    0x00000000      0x1c9 .\CortexM3\ARM_GCC_541\Debug\main.o
 .debug_line    0x000001c9      0x18b .\CortexM3\ARM_GCC_541\Debug\FreeRTOS.o
 .debug_line    0x00000354      0x2bc .\CortexM3\ARM_GCC_541\Debug\port.o
 .debug_line    0x00000610      0x271 .\CortexM3\ARM_GCC_541\Debug\heap_1.o
 .debug_line    0x00000881      0x13f .\CortexM3\ARM_GCC_541\Debug\croutine.o
 .debug_line    0x000009c0      0x350 .\CortexM3\ARM_GCC_541\Debug\event_groups.o
 .debug_line    0x00000d10      0x234 .\CortexM3\ARM_GCC_541\Debug\list.o
 .debug_line    0x00000f44      0x70b .\CortexM3\ARM_GCC_541\Debug\queue.o
 .debug_line    0x0000164f      0x540 .\CortexM3\ARM_GCC_541\Debug\stream_buffer.o
 .debug_line    0x00001b8f      0xabb .\CortexM3\ARM_GCC_541\Debug\tasks.o
 .debug_line    0x0000264a      0x13f .\CortexM3\ARM_GCC_541\Debug\timers.o
 .debug_line    0x00002789      0x1f3 .\CortexM3\ARM_GCC_541\Debug\cyfitter_cfg.o
 .debug_line    0x0000297c      0x141 .\CortexM3\ARM_GCC_541\Debug\cymetadata.o
 .debug_line    0x00002abd      0x234 .\CortexM3\ARM_GCC_541\Debug\Cm3Start.o
 .debug_line    0x00002cf1       0x90 .\CortexM3\ARM_GCC_541\Debug\000Test.a(led.o)
 .debug_line    0x00002d81      0x816 .\CortexM3\ARM_GCC_541\Debug\000Test.a(CyLib.o)
 .debug_line    0x00003597      0x367 .\CortexM3\ARM_GCC_541\Debug\000Test.a(cyPm.o)
 .debug_line    0x000038fe      0x2bc .\CortexM3\ARM_GCC_541\Debug\000Test.a(UART.o)
 .debug_line    0x00003bba      0x17c .\CortexM3\ARM_GCC_541\Debug\000Test.a(UART_IntClock.o)
 .debug_line    0x00003d36       0x66 .\CortexM3\ARM_GCC_541\Debug\000Test.a(CyBootAsmGnu.o)
 .debug_line    0x00003d9c      0x21a .\CortexM3\ARM_GCC_541\Debug\000Test.a(CyFlash.o)
 .debug_line    0x00003fb6      0x260 .\CortexM3\ARM_GCC_541\Debug\000Test.a(CySpc.o)

.debug_frame    0x00000000     0x2840
 *(.debug_frame)
 .debug_frame   0x00000000       0x64 .\CortexM3\ARM_GCC_541\Debug\main.o
 .debug_frame   0x00000064       0x2c .\CortexM3\ARM_GCC_541\Debug\FreeRTOS.o
 .debug_frame   0x00000090       0xe0 .\CortexM3\ARM_GCC_541\Debug\port.o
 .debug_frame   0x00000170       0x60 .\CortexM3\ARM_GCC_541\Debug\heap_1.o
 .debug_frame   0x000001d0      0x13c .\CortexM3\ARM_GCC_541\Debug\event_groups.o
 .debug_frame   0x0000030c       0x70 .\CortexM3\ARM_GCC_541\Debug\list.o
 .debug_frame   0x0000037c      0x3a0 .\CortexM3\ARM_GCC_541\Debug\queue.o
 .debug_frame   0x0000071c      0x2f0 .\CortexM3\ARM_GCC_541\Debug\stream_buffer.o
 .debug_frame   0x00000a0c      0x634 .\CortexM3\ARM_GCC_541\Debug\tasks.o
 .debug_frame   0x00001040       0xe4 .\CortexM3\ARM_GCC_541\Debug\cyfitter_cfg.o
 .debug_frame   0x00001124       0xb8 .\CortexM3\ARM_GCC_541\Debug\Cm3Start.o
 .debug_frame   0x000011dc       0x50 .\CortexM3\ARM_GCC_541\Debug\000Test.a(led.o)
 .debug_frame   0x0000122c      0x738 .\CortexM3\ARM_GCC_541\Debug\000Test.a(CyLib.o)
 .debug_frame   0x00001964      0x1f8 .\CortexM3\ARM_GCC_541\Debug\000Test.a(cyPm.o)
 .debug_frame   0x00001b5c      0x250 .\CortexM3\ARM_GCC_541\Debug\000Test.a(UART.o)
 .debug_frame   0x00001dac       0xe0 .\CortexM3\ARM_GCC_541\Debug\000Test.a(UART_IntClock.o)
 .debug_frame   0x00001e8c      0x194 .\CortexM3\ARM_GCC_541\Debug\000Test.a(CyFlash.o)
 .debug_frame   0x00002020      0x180 .\CortexM3\ARM_GCC_541\Debug\000Test.a(CySpc.o)
 .debug_frame   0x000021a0       0x20 c:/program files (x86)/cypress/psoc creator/4.4/psoc creator/import/gnu/arm/5.4.1/bin/../lib/gcc/arm-none-eabi/5.4.1/../../../../arm-none-eabi/lib/armv7-m\libg_nano.a(lib_a-errno.o)
 .debug_frame   0x000021c0       0x28 c:/program files (x86)/cypress/psoc creator/4.4/psoc creator/import/gnu/arm/5.4.1/bin/../lib/gcc/arm-none-eabi/5.4.1/../../../../arm-none-eabi/lib/armv7-m\libg_nano.a(lib_a-exit.o)
 .debug_frame   0x000021e8       0x2c c:/program files (x86)/cypress/psoc creator/4.4/psoc creator/import/gnu/arm/5.4.1/bin/../lib/gcc/arm-none-eabi/5.4.1/../../../../arm-none-eabi/lib/armv7-m\libg_nano.a(lib_a-init.o)
 .debug_frame   0x00002214       0x28 c:/program files (x86)/cypress/psoc creator/4.4/psoc creator/import/gnu/arm/5.4.1/bin/../lib/gcc/arm-none-eabi/5.4.1/../../../../arm-none-eabi/lib/armv7-m\libg_nano.a(lib_a-memcpy-stub.o)
 .debug_frame   0x0000223c       0x20 c:/program files (x86)/cypress/psoc creator/4.4/psoc creator/import/gnu/arm/5.4.1/bin/../lib/gcc/arm-none-eabi/5.4.1/../../../../arm-none-eabi/lib/armv7-m\libg_nano.a(lib_a-memset.o)
 .debug_frame   0x0000225c       0x8c c:/program files (x86)/cypress/psoc creator/4.4/psoc creator/import/gnu/arm/5.4.1/bin/../lib/gcc/arm-none-eabi/5.4.1/../../../../arm-none-eabi/lib/armv7-m\libg_nano.a(lib_a-nano-vfprintf_float.o)
 .debug_frame   0x000022e8       0x60 c:/program files (x86)/cypress/psoc creator/4.4/psoc creator/import/gnu/arm/5.4.1/bin/../lib/gcc/arm-none-eabi/5.4.1/../../../../arm-none-eabi/lib/armv7-m\libg_nano.a(lib_a-nano-vfprintf_i.o)
 .debug_frame   0x00002348       0x6c c:/program files (x86)/cypress/psoc creator/4.4/psoc creator/import/gnu/arm/5.4.1/bin/../lib/gcc/arm-none-eabi/5.4.1/../../../../arm-none-eabi/lib/armv7-m\libg_nano.a(lib_a-dtoa.o)
 .debug_frame   0x000023b4       0x98 c:/program files (x86)/cypress/psoc creator/4.4/psoc creator/import/gnu/arm/5.4.1/bin/../lib/gcc/arm-none-eabi/5.4.1/../../../../arm-none-eabi/lib/armv7-m\libg_nano.a(lib_a-locale.o)
 .debug_frame   0x0000244c       0x30 c:/program files (x86)/cypress/psoc creator/4.4/psoc creator/import/gnu/arm/5.4.1/bin/../lib/gcc/arm-none-eabi/5.4.1/../../../../arm-none-eabi/lib/armv7-m\libg_nano.a(lib_a-malloc.o)
 .debug_frame   0x0000247c       0x28 c:/program files (x86)/cypress/psoc creator/4.4/psoc creator/import/gnu/arm/5.4.1/bin/../lib/gcc/arm-none-eabi/5.4.1/../../../../arm-none-eabi/lib/armv7-m\libg_nano.a(lib_a-memchr-stub.o)
 .debug_frame   0x000024a4      0x234 c:/program files (x86)/cypress/psoc creator/4.4/psoc creator/import/gnu/arm/5.4.1/bin/../lib/gcc/arm-none-eabi/5.4.1/../../../../arm-none-eabi/lib/armv7-m\libg_nano.a(lib_a-mprec.o)
 .debug_frame   0x000026d8       0x2c c:/program files (x86)/cypress/psoc creator/4.4/psoc creator/import/gnu/arm/5.4.1/bin/../lib/gcc/arm-none-eabi/5.4.1/../../../../arm-none-eabi/lib/armv7-m\libg_nano.a(lib_a-nano-callocr.o)
 .debug_frame   0x00002704       0x38 c:/program files (x86)/cypress/psoc creator/4.4/psoc creator/import/gnu/arm/5.4.1/bin/../lib/gcc/arm-none-eabi/5.4.1/../../../../arm-none-eabi/lib/armv7-m\libg_nano.a(lib_a-nano-freer.o)
 .debug_frame   0x0000273c       0x2c c:/program files (x86)/cypress/psoc creator/4.4/psoc creator/import/gnu/arm/5.4.1/bin/../lib/gcc/arm-none-eabi/5.4.1/../../../../arm-none-eabi/lib/armv7-m\libg_nano.a(lib_a-nano-mallocr.o)
 .debug_frame   0x00002768       0x2c c:/program files (x86)/cypress/psoc creator/4.4/psoc creator/import/gnu/arm/5.4.1/bin/../lib/gcc/arm-none-eabi/5.4.1/../../../../arm-none-eabi/lib/armv7-m\libg_nano.a(lib_a-sbrkr.o)
 .debug_frame   0x00002794       0x20 c:/program files (x86)/cypress/psoc creator/4.4/psoc creator/import/gnu/arm/5.4.1/bin/../lib/gcc/arm-none-eabi/5.4.1/../../../../arm-none-eabi/lib/armv7-m\libg_nano.a(lib_a-strcmp.o)
 .debug_frame   0x000027b4       0x30 c:/program files (x86)/cypress/psoc creator/4.4/psoc creator/import/gnu/arm/5.4.1/bin/../lib/gcc/arm-none-eabi/5.4.1/../../../../arm-none-eabi/lib/armv7-m\libg_nano.a(lib_a-mlock.o)
 .debug_frame   0x000027e4       0x5c c:/program files (x86)/cypress/psoc creator/4.4/psoc creator/import/gnu/arm/5.4.1/bin/../lib/gcc/arm-none-eabi/5.4.1/../../../../arm-none-eabi/lib/armv7-m\libg_nano.a(lib_a-reent.o)

.debug_str      0x00000000     0x3372
 *(.debug_str)
 .debug_str     0x00000000      0x1e6 .\CortexM3\ARM_GCC_541\Debug\main.o
                                0x22e (size before relaxing)
 .debug_str     0x000001e6       0xb8 .\CortexM3\ARM_GCC_541\Debug\FreeRTOS.o
                                0x261 (size before relaxing)
 .debug_str     0x0000029e      0x1e3 .\CortexM3\ARM_GCC_541\Debug\port.o
                                0x38c (size before relaxing)
 .debug_str     0x00000481       0xd8 .\CortexM3\ARM_GCC_541\Debug\heap_1.o
                                0x289 (size before relaxing)
 .debug_str     0x00000559       0x1e .\CortexM3\ARM_GCC_541\Debug\croutine.o
                                0x1b3 (size before relaxing)
 .debug_str     0x00000577      0x3ac .\CortexM3\ARM_GCC_541\Debug\event_groups.o
                                0x634 (size before relaxing)
 .debug_str     0x00000923       0x97 .\CortexM3\ARM_GCC_541\Debug\list.o
                                0x302 (size before relaxing)
 .debug_str     0x000009ba      0x6d8 .\CortexM3\ARM_GCC_541\Debug\queue.o
                                0xa76 (size before relaxing)
 .debug_str     0x00001092      0x4cd .\CortexM3\ARM_GCC_541\Debug\stream_buffer.o
                                0x868 (size before relaxing)
 .debug_str     0x0000155f      0x850 .\CortexM3\ARM_GCC_541\Debug\tasks.o
                                0xf82 (size before relaxing)
 .debug_str     0x00001daf       0x1c .\CortexM3\ARM_GCC_541\Debug\timers.o
                                0x1b1 (size before relaxing)
 .debug_str     0x00001dcb      0x1a7 .\CortexM3\ARM_GCC_541\Debug\cyfitter_cfg.o
                                0x33f (size before relaxing)
 .debug_str     0x00001f72       0x75 .\CortexM3\ARM_GCC_541\Debug\cymetadata.o
                                0x1df (size before relaxing)
 .debug_str     0x00001fe7      0x137 .\CortexM3\ARM_GCC_541\Debug\Cm3Start.o
                                0x305 (size before relaxing)
 .debug_str     0x0000211e       0x4e .\CortexM3\ARM_GCC_541\Debug\000Test.a(led.o)
                                0x1d3 (size before relaxing)
 .debug_str     0x0000216c      0x83d .\CortexM3\ARM_GCC_541\Debug\000Test.a(CyLib.o)
                                0xa42 (size before relaxing)
 .debug_str     0x000029a9      0x365 .\CortexM3\ARM_GCC_541\Debug\000Test.a(cyPm.o)
                                0x72e (size before relaxing)
 .debug_str     0x00002d0e      0x27a .\CortexM3\ARM_GCC_541\Debug\000Test.a(UART.o)
                                0x470 (size before relaxing)
 .debug_str     0x00002f88      0x183 .\CortexM3\ARM_GCC_541\Debug\000Test.a(UART_IntClock.o)
                                0x331 (size before relaxing)
 .debug_str     0x0000310b      0x1bb .\CortexM3\ARM_GCC_541\Debug\000Test.a(CyFlash.o)
                                0x3bb (size before relaxing)
 .debug_str     0x000032c6       0xac .\CortexM3\ARM_GCC_541\Debug\000Test.a(CySpc.o)
                                0x333 (size before relaxing)

.debug_loc      0x00000000     0x6199
 *(.debug_loc)
 .debug_loc     0x00000000       0x42 .\CortexM3\ARM_GCC_541\Debug\main.o
 .debug_loc     0x00000042       0xa8 .\CortexM3\ARM_GCC_541\Debug\port.o
 .debug_loc     0x000000ea       0x5f .\CortexM3\ARM_GCC_541\Debug\heap_1.o
 .debug_loc     0x00000149      0x6e0 .\CortexM3\ARM_GCC_541\Debug\event_groups.o
 .debug_loc     0x00000829       0x65 .\CortexM3\ARM_GCC_541\Debug\list.o
 .debug_loc     0x0000088e     0x13f4 .\CortexM3\ARM_GCC_541\Debug\queue.o
 .debug_loc     0x00001c82     0x10b5 .\CortexM3\ARM_GCC_541\Debug\stream_buffer.o
 .debug_loc     0x00002d37     0x1652 .\CortexM3\ARM_GCC_541\Debug\tasks.o
 .debug_loc     0x00004389      0x25a .\CortexM3\ARM_GCC_541\Debug\cyfitter_cfg.o
 .debug_loc     0x000045e3      0x144 .\CortexM3\ARM_GCC_541\Debug\Cm3Start.o
 .debug_loc     0x00004727       0x42 .\CortexM3\ARM_GCC_541\Debug\000Test.a(led.o)
 .debug_loc     0x00004769      0xa11 .\CortexM3\ARM_GCC_541\Debug\000Test.a(CyLib.o)
 .debug_loc     0x0000517a      0x1e4 .\CortexM3\ARM_GCC_541\Debug\000Test.a(cyPm.o)
 .debug_loc     0x0000535e      0x258 .\CortexM3\ARM_GCC_541\Debug\000Test.a(UART.o)
 .debug_loc     0x000055b6      0x12c .\CortexM3\ARM_GCC_541\Debug\000Test.a(UART_IntClock.o)
 .debug_loc     0x000056e2      0x3b2 .\CortexM3\ARM_GCC_541\Debug\000Test.a(CyFlash.o)
 .debug_loc     0x00005a94      0x705 .\CortexM3\ARM_GCC_541\Debug\000Test.a(CySpc.o)

.debug_macinfo
 *(.debug_macinfo)

.debug_ranges   0x00000000      0xb20
 *(.debug_ranges)
 .debug_ranges  0x00000000       0x20 .\CortexM3\ARM_GCC_541\Debug\main.o
 .debug_ranges  0x00000020       0x10 .\CortexM3\ARM_GCC_541\Debug\FreeRTOS.o
 .debug_ranges  0x00000030       0x60 .\CortexM3\ARM_GCC_541\Debug\port.o
 .debug_ranges  0x00000090       0x28 .\CortexM3\ARM_GCC_541\Debug\heap_1.o
 .debug_ranges  0x000000b8       0x70 .\CortexM3\ARM_GCC_541\Debug\event_groups.o
 .debug_ranges  0x00000128       0x30 .\CortexM3\ARM_GCC_541\Debug\list.o
 .debug_ranges  0x00000158      0x148 .\CortexM3\ARM_GCC_541\Debug\queue.o
 .debug_ranges  0x000002a0       0xb0 .\CortexM3\ARM_GCC_541\Debug\stream_buffer.o
 .debug_ranges  0x00000350      0x1e8 .\CortexM3\ARM_GCC_541\Debug\tasks.o
 .debug_ranges  0x00000538       0x48 .\CortexM3\ARM_GCC_541\Debug\cyfitter_cfg.o
 .debug_ranges  0x00000580       0x38 .\CortexM3\ARM_GCC_541\Debug\Cm3Start.o
 .debug_ranges  0x000005b8       0x28 .\CortexM3\ARM_GCC_541\Debug\000Test.a(led.o)
 .debug_ranges  0x000005e0      0x290 .\CortexM3\ARM_GCC_541\Debug\000Test.a(CyLib.o)
 .debug_ranges  0x00000870       0x88 .\CortexM3\ARM_GCC_541\Debug\000Test.a(cyPm.o)
 .debug_ranges  0x000008f8       0xe0 .\CortexM3\ARM_GCC_541\Debug\000Test.a(UART.o)
 .debug_ranges  0x000009d8       0x60 .\CortexM3\ARM_GCC_541\Debug\000Test.a(UART_IntClock.o)
 .debug_ranges  0x00000a38       0x78 .\CortexM3\ARM_GCC_541\Debug\000Test.a(CyFlash.o)
 .debug_ranges  0x00000ab0       0x70 .\CortexM3\ARM_GCC_541\Debug\000Test.a(CySpc.o)

.comment        0x00000000       0x6e
 .comment       0x00000000       0x6e .\CortexM3\ARM_GCC_541\Debug\main.o
                                 0x6f (size before relaxing)
 .comment       0x0000006e       0x6f .\CortexM3\ARM_GCC_541\Debug\FreeRTOS.o
 .comment       0x0000006e       0x6f .\CortexM3\ARM_GCC_541\Debug\port.o
 .comment       0x0000006e       0x6f .\CortexM3\ARM_GCC_541\Debug\heap_1.o
 .comment       0x0000006e       0x6f .\CortexM3\ARM_GCC_541\Debug\croutine.o
 .comment       0x0000006e       0x6f .\CortexM3\ARM_GCC_541\Debug\event_groups.o
 .comment       0x0000006e       0x6f .\CortexM3\ARM_GCC_541\Debug\list.o
 .comment       0x0000006e       0x6f .\CortexM3\ARM_GCC_541\Debug\queue.o
 .comment       0x0000006e       0x6f .\CortexM3\ARM_GCC_541\Debug\stream_buffer.o
 .comment       0x0000006e       0x6f .\CortexM3\ARM_GCC_541\Debug\tasks.o
 .comment       0x0000006e       0x6f .\CortexM3\ARM_GCC_541\Debug\timers.o
 .comment       0x0000006e       0x6f .\CortexM3\ARM_GCC_541\Debug\cyfitter_cfg.o
 .comment       0x0000006e       0x6f .\CortexM3\ARM_GCC_541\Debug\cymetadata.o
 .comment       0x0000006e       0x6f .\CortexM3\ARM_GCC_541\Debug\Cm3Start.o
 .comment       0x0000006e       0x6f .\CortexM3\ARM_GCC_541\Debug\000Test.a(led.o)
 .comment       0x0000006e       0x6f .\CortexM3\ARM_GCC_541\Debug\000Test.a(CyLib.o)
 .comment       0x0000006e       0x6f .\CortexM3\ARM_GCC_541\Debug\000Test.a(cyPm.o)
 .comment       0x0000006e       0x6f .\CortexM3\ARM_GCC_541\Debug\000Test.a(UART.o)
 .comment       0x0000006e       0x6f .\CortexM3\ARM_GCC_541\Debug\000Test.a(UART_IntClock.o)
 .comment       0x0000006e       0x6f .\CortexM3\ARM_GCC_541\Debug\000Test.a(CyFlash.o)
 .comment       0x0000006e       0x6f .\CortexM3\ARM_GCC_541\Debug\000Test.a(CySpc.o)

.debug_weaknames
 *(.debug_weaknames)

.debug_funcnames
 *(.debug_funcnames)

.debug_typenames
 *(.debug_typenames)

.debug_varnames
 *(.debug_varnames)

.note.gnu.arm.ident
 *(.note.gnu.arm.ident)

.ARM.attributes
                0x00000000       0x29
 *(.ARM.attributes)
 .ARM.attributes
                0x00000000       0x1d c:/program files (x86)/cypress/psoc creator/4.4/psoc creator/import/gnu/arm/5.4.1/bin/../lib/gcc/arm-none-eabi/5.4.1/armv7-m/crti.o
 .ARM.attributes
                0x0000001d       0x2d c:/program files (x86)/cypress/psoc creator/4.4/psoc creator/import/gnu/arm/5.4.1/bin/../lib/gcc/arm-none-eabi/5.4.1/armv7-m/crtbegin.o
 .ARM.attributes
                0x0000004a       0x1b c:/program files (x86)/cypress/psoc creator/4.4/psoc creator/import/gnu/arm/5.4.1/bin/../lib/gcc/arm-none-eabi/5.4.1/../../../../arm-none-eabi/lib/armv7-m/crt0.o
 .ARM.attributes
                0x00000065       0x33 .\CortexM3\ARM_GCC_541\Debug\main.o
 .ARM.attributes
                0x00000098       0x33 .\CortexM3\ARM_GCC_541\Debug\FreeRTOS.o
 .ARM.attributes
                0x000000cb       0x33 .\CortexM3\ARM_GCC_541\Debug\port.o
 .ARM.attributes
                0x000000fe       0x33 .\CortexM3\ARM_GCC_541\Debug\heap_1.o
 .ARM.attributes
                0x00000131       0x33 .\CortexM3\ARM_GCC_541\Debug\croutine.o
 .ARM.attributes
                0x00000164       0x33 .\CortexM3\ARM_GCC_541\Debug\event_groups.o
 .ARM.attributes
                0x00000197       0x33 .\CortexM3\ARM_GCC_541\Debug\list.o
 .ARM.attributes
                0x000001ca       0x33 .\CortexM3\ARM_GCC_541\Debug\queue.o
 .ARM.attributes
                0x000001fd       0x33 .\CortexM3\ARM_GCC_541\Debug\stream_buffer.o
 .ARM.attributes
                0x00000230       0x33 .\CortexM3\ARM_GCC_541\Debug\tasks.o
 .ARM.attributes
                0x00000263       0x33 .\CortexM3\ARM_GCC_541\Debug\timers.o
 .ARM.attributes
                0x00000296       0x33 .\CortexM3\ARM_GCC_541\Debug\cyfitter_cfg.o
 .ARM.attributes
                0x000002c9       0x33 .\CortexM3\ARM_GCC_541\Debug\cymetadata.o
 .ARM.attributes
                0x000002fc       0x33 .\CortexM3\ARM_GCC_541\Debug\Cm3Start.o
 .ARM.attributes
                0x0000032f       0x33 .\CortexM3\ARM_GCC_541\Debug\000Test.a(led.o)
 .ARM.attributes
                0x00000362       0x33 .\CortexM3\ARM_GCC_541\Debug\000Test.a(CyLib.o)
 .ARM.attributes
                0x00000395       0x33 .\CortexM3\ARM_GCC_541\Debug\000Test.a(cyPm.o)
 .ARM.attributes
                0x000003c8       0x33 .\CortexM3\ARM_GCC_541\Debug\000Test.a(UART.o)
 .ARM.attributes
                0x000003fb       0x33 .\CortexM3\ARM_GCC_541\Debug\000Test.a(UART_IntClock.o)
 .ARM.attributes
                0x0000042e       0x21 .\CortexM3\ARM_GCC_541\Debug\000Test.a(CyBootAsmGnu.o)
 .ARM.attributes
                0x0000044f       0x33 .\CortexM3\ARM_GCC_541\Debug\000Test.a(CyFlash.o)
 .ARM.attributes
                0x00000482       0x33 .\CortexM3\ARM_GCC_541\Debug\000Test.a(CySpc.o)
 .ARM.attributes
                0x000004b5       0x2d c:/program files (x86)/cypress/psoc creator/4.4/psoc creator/import/gnu/arm/5.4.1/bin/../lib/gcc/arm-none-eabi/5.4.1/../../../../arm-none-eabi/lib/armv7-m\libg_nano.a(lib_a-errno.o)
 .ARM.attributes
                0x000004e2       0x2d c:/program files (x86)/cypress/psoc creator/4.4/psoc creator/import/gnu/arm/5.4.1/bin/../lib/gcc/arm-none-eabi/5.4.1/../../../../arm-none-eabi/lib/armv7-m\libg_nano.a(lib_a-exit.o)
 .ARM.attributes
                0x0000050f       0x2d c:/program files (x86)/cypress/psoc creator/4.4/psoc creator/import/gnu/arm/5.4.1/bin/../lib/gcc/arm-none-eabi/5.4.1/../../../../arm-none-eabi/lib/armv7-m\libg_nano.a(lib_a-impure.o)
 .ARM.attributes
                0x0000053c       0x2d c:/program files (x86)/cypress/psoc creator/4.4/psoc creator/import/gnu/arm/5.4.1/bin/../lib/gcc/arm-none-eabi/5.4.1/../../../../arm-none-eabi/lib/armv7-m\libg_nano.a(lib_a-init.o)
 .ARM.attributes
                0x00000569       0x2d c:/program files (x86)/cypress/psoc creator/4.4/psoc creator/import/gnu/arm/5.4.1/bin/../lib/gcc/arm-none-eabi/5.4.1/../../../../arm-none-eabi/lib/armv7-m\libg_nano.a(lib_a-memcpy-stub.o)
 .ARM.attributes
                0x00000596       0x2d c:/program files (x86)/cypress/psoc creator/4.4/psoc creator/import/gnu/arm/5.4.1/bin/../lib/gcc/arm-none-eabi/5.4.1/../../../../arm-none-eabi/lib/armv7-m\libg_nano.a(lib_a-memset.o)
 .ARM.attributes
                0x000005c3       0x2d c:/program files (x86)/cypress/psoc creator/4.4/psoc creator/import/gnu/arm/5.4.1/bin/../lib/gcc/arm-none-eabi/5.4.1/../../../../arm-none-eabi/lib/armv7-m\libg_nano.a(lib_a-nano-vfprintf_float.o)
 .ARM.attributes
                0x000005f0       0x2d c:/program files (x86)/cypress/psoc creator/4.4/psoc creator/import/gnu/arm/5.4.1/bin/../lib/gcc/arm-none-eabi/5.4.1/../../../../arm-none-eabi/lib/armv7-m\libg_nano.a(lib_a-nano-vfprintf_i.o)
 .ARM.attributes
                0x0000061d       0x17 c:/program files (x86)/cypress/psoc creator/4.4/psoc creator/import/gnu/arm/5.4.1/bin/../lib/gcc/arm-none-eabi/5.4.1/../../../../arm-none-eabi/lib/armv7-m\libg_nano.a(lib_a-strlen.o)
 .ARM.attributes
                0x00000634       0x2d c:/program files (x86)/cypress/psoc creator/4.4/psoc creator/import/gnu/arm/5.4.1/bin/../lib/gcc/arm-none-eabi/5.4.1/../../../../arm-none-eabi/lib/armv7-m\libg_nano.a(lib_a-dtoa.o)
 .ARM.attributes
                0x00000661       0x2d c:/program files (x86)/cypress/psoc creator/4.4/psoc creator/import/gnu/arm/5.4.1/bin/../lib/gcc/arm-none-eabi/5.4.1/../../../../arm-none-eabi/lib/armv7-m\libg_nano.a(lib_a-locale.o)
 .ARM.attributes
                0x0000068e       0x2d c:/program files (x86)/cypress/psoc creator/4.4/psoc creator/import/gnu/arm/5.4.1/bin/../lib/gcc/arm-none-eabi/5.4.1/../../../../arm-none-eabi/lib/armv7-m\libg_nano.a(lib_a-malloc.o)
 .ARM.attributes
                0x000006bb       0x2d c:/program files (x86)/cypress/psoc creator/4.4/psoc creator/import/gnu/arm/5.4.1/bin/../lib/gcc/arm-none-eabi/5.4.1/../../../../arm-none-eabi/lib/armv7-m\libg_nano.a(lib_a-memchr-stub.o)
 .ARM.attributes
                0x000006e8       0x2d c:/program files (x86)/cypress/psoc creator/4.4/psoc creator/import/gnu/arm/5.4.1/bin/../lib/gcc/arm-none-eabi/5.4.1/../../../../arm-none-eabi/lib/armv7-m\libg_nano.a(lib_a-mprec.o)
 .ARM.attributes
                0x00000715       0x2d c:/program files (x86)/cypress/psoc creator/4.4/psoc creator/import/gnu/arm/5.4.1/bin/../lib/gcc/arm-none-eabi/5.4.1/../../../../arm-none-eabi/lib/armv7-m\libg_nano.a(lib_a-nano-callocr.o)
 .ARM.attributes
                0x00000742       0x2d c:/program files (x86)/cypress/psoc creator/4.4/psoc creator/import/gnu/arm/5.4.1/bin/../lib/gcc/arm-none-eabi/5.4.1/../../../../arm-none-eabi/lib/armv7-m\libg_nano.a(lib_a-nano-freer.o)
 .ARM.attributes
                0x0000076f       0x2d c:/program files (x86)/cypress/psoc creator/4.4/psoc creator/import/gnu/arm/5.4.1/bin/../lib/gcc/arm-none-eabi/5.4.1/../../../../arm-none-eabi/lib/armv7-m\libg_nano.a(lib_a-nano-mallocr.o)
 .ARM.attributes
                0x0000079c       0x2d c:/program files (x86)/cypress/psoc creator/4.4/psoc creator/import/gnu/arm/5.4.1/bin/../lib/gcc/arm-none-eabi/5.4.1/../../../../arm-none-eabi/lib/armv7-m\libg_nano.a(lib_a-sbrkr.o)
 .ARM.attributes
                0x000007c9       0x1b c:/program files (x86)/cypress/psoc creator/4.4/psoc creator/import/gnu/arm/5.4.1/bin/../lib/gcc/arm-none-eabi/5.4.1/../../../../arm-none-eabi/lib/armv7-m\libg_nano.a(lib_a-strcmp.o)
 .ARM.attributes
                0x000007e4       0x2d c:/program files (x86)/cypress/psoc creator/4.4/psoc creator/import/gnu/arm/5.4.1/bin/../lib/gcc/arm-none-eabi/5.4.1/../../../../arm-none-eabi/lib/armv7-m\libg_nano.a(lib_a-mlock.o)
 .ARM.attributes
                0x00000811       0x2d c:/program files (x86)/cypress/psoc creator/4.4/psoc creator/import/gnu/arm/5.4.1/bin/../lib/gcc/arm-none-eabi/5.4.1/../../../../arm-none-eabi/lib/armv7-m\libg_nano.a(lib_a-reent.o)
 .ARM.attributes
                0x0000083e       0x1d c:/program files (x86)/cypress/psoc creator/4.4/psoc creator/import/gnu/arm/5.4.1/bin/../lib/gcc/arm-none-eabi/5.4.1/armv7-m\libgcc.a(_arm_addsubdf3.o)
 .ARM.attributes
                0x0000085b       0x1d c:/program files (x86)/cypress/psoc creator/4.4/psoc creator/import/gnu/arm/5.4.1/bin/../lib/gcc/arm-none-eabi/5.4.1/armv7-m\libgcc.a(_arm_muldivdf3.o)
 .ARM.attributes
                0x00000878       0x1d c:/program files (x86)/cypress/psoc creator/4.4/psoc creator/import/gnu/arm/5.4.1/bin/../lib/gcc/arm-none-eabi/5.4.1/armv7-m\libgcc.a(_arm_cmpdf2.o)
 .ARM.attributes
                0x00000895       0x1d c:/program files (x86)/cypress/psoc creator/4.4/psoc creator/import/gnu/arm/5.4.1/bin/../lib/gcc/arm-none-eabi/5.4.1/armv7-m\libgcc.a(_arm_unorddf2.o)
 .ARM.attributes
                0x000008b2       0x1d c:/program files (x86)/cypress/psoc creator/4.4/psoc creator/import/gnu/arm/5.4.1/bin/../lib/gcc/arm-none-eabi/5.4.1/armv7-m\libgcc.a(_arm_fixdfsi.o)
 .ARM.attributes
                0x000008cf       0x2d c:/program files (x86)/cypress/psoc creator/4.4/psoc creator/import/gnu/arm/5.4.1/bin/../lib/gcc/arm-none-eabi/5.4.1/armv7-m/crtend.o
 .ARM.attributes
                0x000008fc       0x1d c:/program files (x86)/cypress/psoc creator/4.4/psoc creator/import/gnu/arm/5.4.1/bin/../lib/gcc/arm-none-eabi/5.4.1/armv7-m/crtn.o

/DISCARD/
 *(.note.GNU-stack)
OUTPUT(C:\IIITB\Summer Term\Summer Term\freertos_test\000Test.cydsn\CortexM3\ARM_GCC_541\Debug\000Test.elf elf32-littlearm)
